<html>
<body>
<pre>
<h1>µVision Build Log</h1>
<h2>Project:</h2>
F:\weizhou_flight_v2.3\USER\STM32_FK.uvproj
Project File Date:  05/23/2017

<h2>Output:</h2>
Build target 'weizhou_filght'
compiling usart.c...
linking...
Program Size: Code=25432 RO-data=576 RW-data=244 ZI-data=2156  
FromELF: creating hex file...
"..\OBJ\STM32_FK.axf" - 0 Error(s), 0 Warning(s).
" - 1 Error(s), 0 Warning(s).
Target not created
00.c...
compiling IIC.c...
compiling IMU.c...
compiling SendData.c...
compiling DMA.c...
compiling HMC5883.c...
compiling main.c...
compiling stm32f10x_it.c...
compiling system_stm32f10x.c...
compiling delay.c...
compiling sys.c...
compiling usart.c...
..\SYSTEM\usart\usart.c(37): error:  #37: the #endif for this directive is missing
  #if 1
..\SYSTEM\usart\usart.c: 0 warnings, 1 error
compiling misc.c...
compiling stm32f10x_adc.c...
compiling stm32f10x_bkp.c...
compiling stm32f10x_can.c...
compiling stm32f10x_cec.c...
compiling stm32f10x_crc.c...
compiling stm32f10x_dac.c...
compiling stm32f10x_dbgmcu.c...
compiling stm32f10x_dma.c...
compiling stm32f10x_exti.c...
compiling stm32f10x_flash.c...
compiling stm32f10x_fsmc.c...
compiling stm32f10x_gpio.c...
compiling stm32f10x_i2c.c...
compiling stm32f10x_iwdg.c...
compiling stm32f10x_pwr.c...
compiling stm32f10x_rcc.c...
compiling stm32f10x_rtc.c...
compiling stm32f10x_sdio.c...
compiling stm32f10x_spi.c...
compiling stm32f10x_tim.c...
compiling stm32f10x_usart.c...
compiling stm32f10x_wwdg.c...
compiling core_cm3.c...
"..\OBJ\STM32_FK.axf" - 1 Error(s), 1 Warning(s).
Target not created
x_wwdg.c...
compiling core_cm3.c...
assembling startup_stm32f10x_hd.s...
"..\OBJ\STM32_FK.axf" - 1 Error(s), 1 Warning(s).
Target not created
