Archive member included to satisfy reference by file (symbol)

/Applications/SEGGER Embedded Studio 3.12/lib/libm_v7m_t_le_eabi.a(libm_asm.o)
                              Output/STM32_FK weizhou_filght/Obj/INIT.o (__aeabi_i2f)
/Applications/SEGGER Embedded Studio 3.12/lib/libm_v7m_t_le_eabi.a(libm2.o)
                              Output/STM32_FK weizhou_filght/Obj/IMU.o (atan2)
/Applications/SEGGER Embedded Studio 3.12/lib/libm_v7m_t_le_eabi.a(libm2_asm.o)
                              Output/STM32_FK weizhou_filght/Obj/IMU.o (fabs)
/Applications/SEGGER Embedded Studio 3.12/lib/libc_v7m_t_le_eabi.a(libc2.o)
                              /Applications/SEGGER Embedded Studio 3.12/lib/libm_v7m_t_le_eabi.a(libm2.o) (__aeabi_errno_addr)
/Applications/SEGGER Embedded Studio 3.12/lib/libc_v7m_t_le_eabi.a(libc2_asm.o)
                              /Applications/SEGGER Embedded Studio 3.12/lib/libc_v7m_t_le_eabi.a(libc2.o) (memcpy)
/Applications/SEGGER Embedded Studio 3.12/lib/libc_v7m_t_le_eabi.a(libc_asm.o)
                              /Applications/SEGGER Embedded Studio 3.12/lib/libc_v7m_t_le_eabi.a(libc2.o) (__aeabi_uldivmod)

Discarded input sections

 .text          0x0000000000000000        0x0 Output/STM32_FK weizhou_filght/Obj/thumb_crt0.o
 .data          0x0000000000000000        0x0 Output/STM32_FK weizhou_filght/Obj/thumb_crt0.o
 .bss           0x0000000000000000        0x0 Output/STM32_FK weizhou_filght/Obj/thumb_crt0.o
 .text.__heap_lock
                0x0000000000000000        0x2 Output/STM32_FK weizhou_filght/Obj/thumb_crt0.o
 .text.__heap_unlock
                0x0000000000000000        0x2 Output/STM32_FK weizhou_filght/Obj/thumb_crt0.o
 .text.__scanf_lock
                0x0000000000000000        0x2 Output/STM32_FK weizhou_filght/Obj/thumb_crt0.o
 .text.__scanf_unlock
                0x0000000000000000        0x2 Output/STM32_FK weizhou_filght/Obj/thumb_crt0.o
 .text.__debug_io_lock
                0x0000000000000000        0x2 Output/STM32_FK weizhou_filght/Obj/thumb_crt0.o
 .text.__debug_io_unlock
                0x0000000000000000        0x2 Output/STM32_FK weizhou_filght/Obj/thumb_crt0.o
 .text.abort    0x0000000000000000        0x2 Output/STM32_FK weizhou_filght/Obj/thumb_crt0.o
 .text.__assert
                0x0000000000000000        0x2 Output/STM32_FK weizhou_filght/Obj/thumb_crt0.o
 .text.__aeabi_assert
                0x0000000000000000        0x2 Output/STM32_FK weizhou_filght/Obj/thumb_crt0.o
 .text.__cxa_pure_virtual
                0x0000000000000000        0x2 Output/STM32_FK weizhou_filght/Obj/thumb_crt0.o
 .text.__cxa_guard_acquire
                0x0000000000000000       0x10 Output/STM32_FK weizhou_filght/Obj/thumb_crt0.o
 .text.__cxa_guard_release
                0x0000000000000000        0x6 Output/STM32_FK weizhou_filght/Obj/thumb_crt0.o
 .text.__cxa_guard_abort
                0x0000000000000000        0x2 Output/STM32_FK weizhou_filght/Obj/thumb_crt0.o
 .text.__getchar
                0x0000000000000000        0x6 Output/STM32_FK weizhou_filght/Obj/thumb_crt0.o
 .bss.__user_locale_name_buffer
                0x0000000000000000        0x4 Output/STM32_FK weizhou_filght/Obj/thumb_crt0.o
 .stack         0x0000000000000000        0x0 Output/STM32_FK weizhou_filght/Obj/thumb_crt0.o
 .stack_process
                0x0000000000000000        0x0 Output/STM32_FK weizhou_filght/Obj/thumb_crt0.o
 .heap          0x0000000000000000        0x0 Output/STM32_FK weizhou_filght/Obj/thumb_crt0.o
 .text          0x0000000000000000        0x0 Output/STM32_FK weizhou_filght/Obj/Cortex_M_Startup.o
 .data          0x0000000000000000        0x0 Output/STM32_FK weizhou_filght/Obj/Cortex_M_Startup.o
 .bss           0x0000000000000000        0x0 Output/STM32_FK weizhou_filght/Obj/Cortex_M_Startup.o
 .text          0x0000000000000000        0x0 Output/STM32_FK weizhou_filght/Obj/INIT.o
 .data          0x0000000000000000        0x0 Output/STM32_FK weizhou_filght/Obj/INIT.o
 .bss           0x0000000000000000        0x0 Output/STM32_FK weizhou_filght/Obj/INIT.o
 .bss.data      0x0000000000000000        0x6 Output/STM32_FK weizhou_filght/Obj/INIT.o
 .bss.Send_cnt  0x0000000000000000        0x1 Output/STM32_FK weizhou_filght/Obj/INIT.o
 .bss.HMC_TIME  0x0000000000000000        0x1 Output/STM32_FK weizhou_filght/Obj/INIT.o
 .text.ReadData
                0x0000000000000000       0x54 Output/STM32_FK weizhou_filght/Obj/INIT.o
 .text.TIM5_IRQHandler
                0x0000000000000000      0x114 Output/STM32_FK weizhou_filght/Obj/INIT.o
 .text          0x0000000000000000        0x0 Output/STM32_FK weizhou_filght/Obj/LED.o
 .data          0x0000000000000000        0x0 Output/STM32_FK weizhou_filght/Obj/LED.o
 .bss           0x0000000000000000        0x0 Output/STM32_FK weizhou_filght/Obj/LED.o
 .text          0x0000000000000000        0x0 Output/STM32_FK weizhou_filght/Obj/ADXL345.o
 .data          0x0000000000000000        0x0 Output/STM32_FK weizhou_filght/Obj/ADXL345.o
[...]
Memory Configuration

Name             Origin             Length             Attributes
UNPLACED_SECTIONS 0x0000000100000000 0x0000000000000000 xw
FLASH            0x0000000008000000 0x0000000000080000 xr
SRAM             0x0000000020000000 0x0000000000010000 xw
*default*        0x0000000000000000 0xffffffffffffffff

Linker script and memory map

                0x00000000080029e0                __vfprintf = __vfprintf_int_nwp
                0x0000000000000000                __vfscanf = __vfscanf_int
                0x0000000008000000                __FLASH_segment_start__ = 0x8000000
                0x0000000008080000                __FLASH_segment_end__ = 0x8080000
                0x0000000000080000                __FLASH_segment_size__ = 0x80000
                0x0000000020000000                __SRAM_segment_start__ = 0x20000000
                0x0000000020010000                __SRAM_segment_end__ = 0x20010000
                0x0000000000010000                __SRAM_segment_size__ = 0x10000
                0x0000000000000400                __HEAPSIZE__ = 0x400
                0x0000000000000000                __STACKSIZE_ABT__ = 0x0
                0x0000000000000000                __STACKSIZE_FIQ__ = 0x0
                0x0000000000000000                __STACKSIZE_IRQ__ = 0x0
                0x0000000000000000                __STACKSIZE_PROCESS__ = 0x0
                0x0000000000000000                __STACKSIZE_SVC__ = 0x0
                0x0000000000000000                __STACKSIZE_UND__ = 0x0
                0x0000000000000400                __STACKSIZE__ = 0x400
                0x0000000020000000                __vectors_ram_load_start__ = ALIGN (__SRAM_segment_start__, 0x100)

.vectors_ram    0x0000000020000000        0x0
                0x0000000020000000                __vectors_ram_start__ = .
 *(.vectors_ram .vectors_ram.*)
                0x0000000020000000                __vectors_ram_end__ = (__vectors_ram_start__ + SIZEOF (.vectors_ram))
                0x0000000000000000                __vectors_ram_size__ = SIZEOF (.vectors_ram)
                0x0000000020000000                __vectors_ram_load_end__ = __vectors_ram_end__
                0x0000000000000001                . = ASSERT (((__vectors_ram_start__ == __vectors_ram_end__) || ((__vectors_ram_end__ >= __SRAM_segment_start__) && (__vectors_ram_end__ <= __SRAM_segment_end__))), error: .vectors_ram is too large to fit in SRAM memory segment)
                0x0000000008000000                __vectors_load_start__ = ALIGN (__FLASH_segment_start__, 0x100)

.vectors        0x0000000008000000       0xc0
                0x0000000008000000                __vectors_start__ = .
 *(.vectors .vectors.*)
 .vectors       0x0000000008000000       0xc0 Output/STM32_FK weizhou_filght/Obj/Cortex_M_Startup.o
                0x0000000008000000                _vectors
                0x00000000080000c0                __vectors_end__ = (__vectors_start__ + SIZEOF (.vectors))
                0x00000000000000c0                __vectors_size__ = SIZEOF (.vectors)
                0x00000000080000c0                __vectors_load_end__ = __vectors_end__
                0x0000000000000001                . = ASSERT (((__vectors_start__ == __vectors_end__) || ((__vectors_end__ >= __FLASH_segment_start__) && (__vectors_end__ <= __FLASH_segment_end__))), error: .vectors is too large to fit in FLASH memory segment)
                0x00000000080000c0                __init_load_start__ = ALIGN (__vectors_end__, 0x4)

.init           0x00000000080000c0      0x1b4
                0x00000000080000c0                __init_start__ = .
 *(.init .init.*)
 .init          0x00000000080000c0      0x158 Output/STM32_FK weizhou_filght/Obj/thumb_crt0.o
                0x00000000080000c0                _start
                0x0000000008000172                exit
 .init          0x0000000008000218       0x5c Output/STM32_FK weizhou_filght/Obj/Cortex_M_Startup.o
                0x0000000008000222                ExternalISR0
                0x0000000008000224                ExternalISR1
                0x0000000008000226                ExternalISR2
                0x0000000008000228                ExternalISR3
                0x000000000800022a                ExternalISR4
                0x000000000800022c                ExternalISR5
                0x000000000800022e                ExternalISR6
                0x0000000008000230                ExternalISR7
                0x0000000008000232                ExternalISR8
                0x0000000008000234                ExternalISR9
                0x0000000008000236                ExternalISR10
                0x0000000008000238                ExternalISR11
                0x000000000800023a                ExternalISR12
                0x000000000800023c                ExternalISR13
                0x000000000800023e                ExternalISR14
                0x0000000008000240                ExternalISR15
                0x0000000008000242                ExternalISR16
                0x0000000008000244                ExternalISR17
                0x0000000008000246                ExternalISR18
                0x0000000008000248                ExternalISR19
                0x000000000800024a                ExternalISR20
                0x000000000800024c                ExternalISR21
                0x000000000800024e                ExternalISR22
                0x0000000008000250                ExternalISR23
                0x0000000008000252                ExternalISR24
                0x0000000008000254                ExternalISR25
                0x0000000008000256                ExternalISR26
                0x0000000008000258                ExternalISR27
                0x000000000800025a                ExternalISR28
                0x000000000800025c                ExternalISR29
                0x000000000800025e                ExternalISR30
                0x0000000008000260                ExternalISR31
                0x0000000008000262                reset_handler
                0x0000000008000274                __init_end__ = (__init_start__ + SIZEOF (.init))
                0x00000000000001b4                __init_size__ = SIZEOF (.init)
                0x0000000008000274                __init_load_end__ = __init_end__
                0x0000000000000001                . = ASSERT (((__init_start__ == __init_end__) || ((__init_end__ >= __FLASH_segment_start__) && (__init_end__ <= __FLASH_segment_end__))), error: .init is too large to fit in FLASH memory segment)
                0x0000000008000274                __init_rodata_load_start__ = ALIGN (__init_end__, 0x4)

.init_rodata    0x0000000008000274        0x0
                0x0000000008000274                __init_rodata_start__ = .
 *(.init_rodata .init_rodata.*)
                0x0000000008000274                __init_rodata_end__ = (__init_rodata_start__ + SIZEOF (.init_rodata))
                0x0000000000000000                __init_rodata_size__ = SIZEOF (.init_rodata)
                0x0000000008000274                __init_rodata_load_end__ = __init_rodata_end__
                0x0000000000000001                . = ASSERT (((__init_rodata_start__ == __init_rodata_end__) || ((__init_rodata_end__ >= __FLASH_segment_start__) && (__init_rodata_end__ <= __FLASH_segment_end__))), error: .init_rodata is too large to fit in FLASH memory segment)
                0x0000000008000274                __text_load_start__ = ALIGN (__init_rodata_end__, 0x4)

.text           0x0000000008000274     0x2c68
                0x0000000008000274                __text_start__ = .
 *(.text .text.* .glue_7t .glue_7 .gnu.linkonce.t.* .gcc_except_table .ARM.extab* .gnu.linkonce.armextab.*)
 .glue_7        0x0000000008000274        0x0 linker stubs
 .glue_7t       0x0000000008000274        0x0 linker stubs
 .text.__aeabi_read_tp
                0x0000000008000274        0x8 Output/STM32_FK weizhou_filght/Obj/thumb_crt0.o
                0x0000000008000274                __aeabi_read_tp
 .text.__printf_lock
                0x000000000800027c        0x2 Output/STM32_FK weizhou_filght/Obj/thumb_crt0.o
                0x000000000800027c                __printf_lock
 .text.__printf_unlock
                0x000000000800027e        0x2 Output/STM32_FK weizhou_filght/Obj/thumb_crt0.o
                0x000000000800027e                __printf_unlock
 .text.__putchar
                0x0000000008000280        0x6 Output/STM32_FK weizhou_filght/Obj/thumb_crt0.o
                0x0000000008000280                __putchar
 *fill*         0x0000000008000286        0x2 
 .text.TIM5_Int_Init
                0x0000000008000288       0x64 Output/STM32_FK weizhou_filght/Obj/INIT.o
                0x0000000008000288                TIM5_Int_Init
 .text.NVIV_Init
                0x00000000080002ec       0x10 Output/STM32_FK weizhou_filght/Obj/INIT.o
                0x00000000080002ec                NVIV_Init
 .text.ALL_INIT
                0x00000000080002fc       0x42 Output/STM32_FK weizhou_filght/Obj/INIT.o
                0x00000000080002fc                ALL_INIT
 *fill*         0x000000000800033e        0x2 
 .text.LED_Init
                0x0000000008000340       0x3c Output/STM32_FK weizhou_filght/Obj/LED.o
                0x0000000008000340                LED_Init
 .text.ADXL345_Init
                0x000000000800037c       0xa0 Output/STM32_FK weizhou_filght/Obj/ADXL345.o
                0x000000000800037c                ADXL345_Init
 .text.L3G4200_Init
                0x000000000800041c       0x8c Output/STM32_FK weizhou_filght/Obj/L3G4200.o
                0x000000000800041c                L3G4200_Init
 .text.Read_L3G4200D
                0x00000000080004a8       0x4c Output/STM32_FK weizhou_filght/Obj/L3G4200.o
                0x00000000080004a8                Read_L3G4200D
 .text.I2C_IO_Init
                0x00000000080004f4       0x80 Output/STM32_FK weizhou_filght/Obj/IIC.o
                0x00000000080004f4                I2C_IO_Init
 .text.I2C_delay
                0x0000000008000574       0x22 Output/STM32_FK weizhou_filght/Obj/IIC.o
                0x0000000008000574                I2C_delay
 *fill*         0x0000000008000596        0x2 
 .text.I2C_Start
                0x0000000008000598       0x54 Output/STM32_FK weizhou_filght/Obj/IIC.o
                0x0000000008000598                I2C_Start
 .text.I2C_Stop
                0x00000000080005ec       0x34 Output/STM32_FK weizhou_filght/Obj/IIC.o
                0x00000000080005ec                I2C_Stop
 .text.I2C_Ack  0x0000000008000620       0x34 Output/STM32_FK weizhou_filght/Obj/IIC.o
                0x0000000008000620                I2C_Ack
 .text.I2C_NoAck
                0x0000000008000654       0x34 Output/STM32_FK weizhou_filght/Obj/IIC.o
                0x0000000008000654                I2C_NoAck
 .text.I2C_WaitAck
                0x0000000008000688       0x50 Output/STM32_FK weizhou_filght/Obj/IIC.o
                0x0000000008000688                I2C_WaitAck
 .text.I2C_SendByte
                0x00000000080006d8       0x60 Output/STM32_FK weizhou_filght/Obj/IIC.o
                0x00000000080006d8                I2C_SendByte
 .text.I2C_RadeByte
                0x0000000008000738       0x64 Output/STM32_FK weizhou_filght/Obj/IIC.o
                0x0000000008000738                I2C_RadeByte
 .text.Single_Write
                0x000000000800079c       0x6c Output/STM32_FK weizhou_filght/Obj/IIC.o
                0x000000000800079c                Single_Write
 .text.Single_Read
                0x0000000008000808       0x7e Output/STM32_FK weizhou_filght/Obj/IIC.o
                0x0000000008000808                Single_Read
 .text.Mult_Read
                0x0000000008000886       0xba Output/STM32_FK weizhou_filght/Obj/IIC.o
                0x0000000008000886                Mult_Read
 .text.Calculation_ACC_Offset
                0x0000000008000940       0xa8 Output/STM32_FK weizhou_filght/Obj/IMU.o
                0x0000000008000940                Calculation_ACC_Offset
 .text.DMA_UART1_ReportIMU
                0x00000000080009e8      0x248 Output/STM32_FK weizhou_filght/Obj/SendData.o
                0x00000000080009e8                DMA_UART1_ReportIMU
 .text.MYDMA_Config
                0x0000000008000c30       0x80 Output/STM32_FK weizhou_filght/Obj/DMA.o
                0x0000000008000c30                MYDMA_Config
 .text.MYDMA_Enable
                0x0000000008000cb0       0x40 Output/STM32_FK weizhou_filght/Obj/DMA.o
                0x0000000008000cb0                MYDMA_Enable
 .text.DMA1_USART1_SEND
                0x0000000008000cf0       0x54 Output/STM32_FK weizhou_filght/Obj/DMA.o
                0x0000000008000cf0                DMA1_USART1_SEND
 .text.HMC5883_Init
                0x0000000008000d44       0x1c Output/STM32_FK weizhou_filght/Obj/HMC5883.o
                0x0000000008000d44                HMC5883_Init
 .text.Read_HMC5883
                0x0000000008000d60       0x88 Output/STM32_FK weizhou_filght/Obj/HMC5883.o
                0x0000000008000d60                Read_HMC5883
 .text.main     0x0000000008000de8      0x15c Output/STM32_FK weizhou_filght/Obj/main.o
                0x0000000008000de8                main
 .text.NMI_Handler
                0x0000000008000f44        0xc Output/STM32_FK weizhou_filght/Obj/stm32f10x_it.o
                0x0000000008000f44                NMI_Handler
 .text.HardFault_Handler
                0x0000000008000f50        0x6 Output/STM32_FK weizhou_filght/Obj/stm32f10x_it.o
                0x0000000008000f50                HardFault_Handler
 .text.SVC_Handler
                0x0000000008000f56        0xc Output/STM32_FK weizhou_filght/Obj/stm32f10x_it.o
                0x0000000008000f56                SVC_Handler
 .text.PendSV_Handler
                0x0000000008000f62        0xc Output/STM32_FK weizhou_filght/Obj/stm32f10x_it.o
                0x0000000008000f62                PendSV_Handler
 .text.SysTick_Handler
                0x0000000008000f6e        0xc Output/STM32_FK weizhou_filght/Obj/stm32f10x_it.o
                0x0000000008000f6e                SysTick_Handler
 *fill*         0x0000000008000f7a        0x2 
 .text.SystemInit
                0x0000000008000f7c       0x68 Output/STM32_FK weizhou_filght/Obj/system_stm32f10x.o
                0x0000000008000f7c                SystemInit
 .text.SetSysClock
                0x0000000008000fe4        0xc Output/STM32_FK weizhou_filght/Obj/system_stm32f10x.o
 .text.SetSysClockTo72
                0x0000000008000ff0      0x100 Output/STM32_FK weizhou_filght/Obj/system_stm32f10x.o
 .text.Delay_Init
                0x00000000080010f0       0x4c Output/STM32_FK weizhou_filght/Obj/delay.o
                0x00000000080010f0                Delay_Init
 .text.delay_ms
                0x000000000800113c       0x68 Output/STM32_FK weizhou_filght/Obj/delay.o
                0x000000000800113c                delay_ms
 .text.uart_init
                0x00000000080011a4       0xa4 Output/STM32_FK weizhou_filght/Obj/usart.o
                0x00000000080011a4                uart_init
 .text.NVIC_PriorityGroupConfig
                0x0000000008001248       0x24 Output/STM32_FK weizhou_filght/Obj/misc.o
                0x0000000008001248                NVIC_PriorityGroupConfig
 .text.NVIC_Init
                0x000000000800126c       0xc4 Output/STM32_FK weizhou_filght/Obj/misc.o
                0x000000000800126c                NVIC_Init
 .text.SysTick_CLKSourceConfig
                0x0000000008001330       0x38 Output/STM32_FK weizhou_filght/Obj/misc.o
                0x0000000008001330                SysTick_CLKSourceConfig
 .text.DMA_DeInit
                0x0000000008001368      0x178 Output/STM32_FK weizhou_filght/Obj/stm32f10x_dma.o
                0x0000000008001368                DMA_DeInit
 .text.DMA_Init
                0x00000000080014e0       0x7c Output/STM32_FK weizhou_filght/Obj/stm32f10x_dma.o
                0x00000000080014e0                DMA_Init
 .text.DMA_Cmd  0x000000000800155c       0x38 Output/STM32_FK weizhou_filght/Obj/stm32f10x_dma.o
                0x000000000800155c                DMA_Cmd
 .text.DMA_GetFlagStatus
                0x0000000008001594       0x50 Output/STM32_FK weizhou_filght/Obj/stm32f10x_dma.o
                0x0000000008001594                DMA_GetFlagStatus
 .text.DMA_ClearFlag
                0x00000000080015e4       0x34 Output/STM32_FK weizhou_filght/Obj/stm32f10x_dma.o
                0x00000000080015e4                DMA_ClearFlag
 .text.GPIO_Init
                0x0000000008001618      0x178 Output/STM32_FK weizhou_filght/Obj/stm32f10x_gpio.o
                0x0000000008001618                GPIO_Init
 .text.GPIO_SetBits
                0x0000000008001790       0x1c Output/STM32_FK weizhou_filght/Obj/stm32f10x_gpio.o
                0x0000000008001790                GPIO_SetBits
 .text.RCC_GetClocksFreq
                0x00000000080017ac      0x160 Output/STM32_FK weizhou_filght/Obj/stm32f10x_rcc.o
                0x00000000080017ac                RCC_GetClocksFreq
 .text.RCC_AHBPeriphClockCmd
                0x000000000800190c       0x3c Output/STM32_FK weizhou_filght/Obj/stm32f10x_rcc.o
                0x000000000800190c                RCC_AHBPeriphClockCmd
 .text.RCC_APB2PeriphClockCmd
                0x0000000008001948       0x3c Output/STM32_FK weizhou_filght/Obj/stm32f10x_rcc.o
                0x0000000008001948                RCC_APB2PeriphClockCmd
 .text.RCC_APB1PeriphClockCmd
                0x0000000008001984       0x3c Output/STM32_FK weizhou_filght/Obj/stm32f10x_rcc.o
                0x0000000008001984                RCC_APB1PeriphClockCmd
 .text.TIM_TimeBaseInit
                0x00000000080019c0       0xf8 Output/STM32_FK weizhou_filght/Obj/stm32f10x_tim.o
                0x00000000080019c0                TIM_TimeBaseInit
 .text.TIM_Cmd  0x0000000008001ab8       0x3e Output/STM32_FK weizhou_filght/Obj/stm32f10x_tim.o
                0x0000000008001ab8                TIM_Cmd
 .text.TIM_ITConfig
                0x0000000008001af6       0x46 Output/STM32_FK weizhou_filght/Obj/stm32f10x_tim.o
                0x0000000008001af6                TIM_ITConfig
 .text.USART_Init
                0x0000000008001b3c      0x174 Output/STM32_FK weizhou_filght/Obj/stm32f10x_usart.o
                0x0000000008001b3c                USART_Init
 .text.USART_Cmd
                0x0000000008001cb0       0x3e Output/STM32_FK weizhou_filght/Obj/stm32f10x_usart.o
                0x0000000008001cb0                USART_Cmd
 .text.USART_ITConfig
                0x0000000008001cee       0x8e Output/STM32_FK weizhou_filght/Obj/stm32f10x_usart.o
                0x0000000008001cee                USART_ITConfig
 .text.USART_DMACmd
                0x0000000008001d7c       0x46 Output/STM32_FK weizhou_filght/Obj/stm32f10x_usart.o
                0x0000000008001d7c                USART_DMACmd
 *fill*         0x0000000008001dc2        0x2 
 .text.libc.__int32_to_float64
                0x0000000008001dc4       0x30 /Applications/SEGGER Embedded Studio 3.12/lib/libm_v7m_t_le_eabi.a(libm_asm.o)
                0x0000000008001dc4                __floatsidf
                0x0000000008001dc4                __aeabi_i2d
                0x0000000008001dc4                __int32_to_float64
 .text.libc.__float32_to_int32
                0x0000000008001df4       0x40 /Applications/SEGGER Embedded Studio 3.12/lib/libm_v7m_t_le_eabi.a(libm_asm.o)
                0x0000000008001df4                __fixsfsi
                0x0000000008001df4                __float32_to_int32
                0x0000000008001df4                __aeabi_f2iz
 .text.libc.__float32_mul
                0x0000000008001e34       0xd4 /Applications/SEGGER Embedded Studio 3.12/lib/libm_v7m_t_le_eabi.a(libm_asm.o)
                0x0000000008001e34                __float32_mul
                0x0000000008001e34                __mulsf3
                0x0000000008001e34                __aeabi_fmul
 .text.libc.__float64_add
                0x0000000008001f08      0x294 /Applications/SEGGER Embedded Studio 3.12/lib/libm_v7m_t_le_eabi.a(libm_asm.o)
                0x0000000008001f08                __aeabi_drsub
                0x0000000008001f10                __float64_sub
                0x0000000008001f10                __aeabi_dsub
                0x0000000008001f10                __subdf3
                0x0000000008001f14                __aeabi_dadd
                0x0000000008001f14                __float64_add
                0x0000000008001f14                __adddf3
 .text.libc.__float64_mul
                0x000000000800219c      0x16c /Applications/SEGGER Embedded Studio 3.12/lib/libm_v7m_t_le_eabi.a(libm_asm.o)
                0x000000000800219c                __aeabi_dmul
                0x000000000800219c                __float64_mul
                0x000000000800219c                __muldf3
 .text.libc.__float64_div
                0x0000000008002308      0x214 /Applications/SEGGER Embedded Studio 3.12/lib/libm_v7m_t_le_eabi.a(libm_asm.o)
                0x0000000008002308                __aeabi_ddiv
                0x0000000008002308                __divdf3
                0x0000000008002308                __float64_div
 .text.libc.__float64_cmpeq
                0x000000000800251c       0x34 /Applications/SEGGER Embedded Studio 3.12/lib/libm_v7m_t_le_eabi.a(libm_asm.o)
                0x000000000800251c                __aeabi_dcmpeq
 .text.libc.__float64_cmplt
                0x0000000008002550       0x38 /Applications/SEGGER Embedded Studio 3.12/lib/libm_v7m_t_le_eabi.a(libm_asm.o)
                0x0000000008002550                __aeabi_dcmplt
 .text.libc.__float64_cmpgt
                0x0000000008002588       0x38 /Applications/SEGGER Embedded Studio 3.12/lib/libm_v7m_t_le_eabi.a(libm_asm.o)
                0x0000000008002588                __aeabi_dcmpgt
 .text.libc.atan
                0x00000000080025c0      0x260 /Applications/SEGGER Embedded Studio 3.12/lib/libm_v7m_t_le_eabi.a(libm2.o)
                0x00000000080025c0                atan(double)
                0x00000000080025c0                atan
 .text.libc.atan2
                0x0000000008002820      0x130 /Applications/SEGGER Embedded Studio 3.12/lib/libm_v7m_t_le_eabi.a(libm2.o)
                0x0000000008002820                atan2(double, double)
                0x0000000008002820                atan2
 .text.libc.fabs
                0x0000000008002950        0x8 /Applications/SEGGER Embedded Studio 3.12/lib/libm_v7m_t_le_eabi.a(libm2_asm.o)
                0x0000000008002950                fabs
                0x0000000008002950                fabs(double)
 .text.libc.__putc
                0x0000000008002958       0x34 /Applications/SEGGER Embedded Studio 3.12/lib/libc_v7m_t_le_eabi.a(libc2.o)
                0x0000000008002958                __putc
 .text.libc.__aeabi_errno_addr
                0x000000000800298c       0x14 /Applications/SEGGER Embedded Studio 3.12/lib/libc_v7m_t_le_eabi.a(libc2.o)
                0x000000000800298c                __aeabi_errno_addr
 .text.libc.printf
                0x00000000080029a0       0x40 /Applications/SEGGER Embedded Studio 3.12/lib/libc_v7m_t_le_eabi.a(libc2.o)
                0x00000000080029a0                printf
 .text.libc.__vfprintf_int_nwp
                0x00000000080029e0      0x4fc /Applications/SEGGER Embedded Studio 3.12/lib/libvfprintf_v7m_t_le_eabi.o
                0x00000000080029e0                __vfprintf_int_nwp
                0x0000000008002edc                __text_end__ = (__text_start__ + SIZEOF (.text))
                0x0000000000002c68                __text_size__ = SIZEOF (.text)
                0x0000000008002edc                __text_load_end__ = __text_end__

.vfp11_veneer   0x0000000100000000        0x0
 .vfp11_veneer  0x0000000100000000        0x0 linker stubs

.v4_bx          0x0000000100000000        0x0
 .v4_bx         0x0000000100000000        0x0 linker stubs

.iplt           0x0000000100000000        0x0
 .iplt          0x0000000100000000        0x0 Output/STM32_FK weizhou_filght/Obj/thumb_crt0.o
                0x0000000000000001                . = ASSERT (((__text_start__ == __text_end__) || ((__text_end__ >= __FLASH_segment_start__) && (__text_end__ <= __FLASH_segment_end__))), error: .text is too large to fit in FLASH memory segment)
                0x0000000008002edc                __dtors_load_start__ = ALIGN (__text_end__, 0x4)

.dtors          0x0000000008002edc        0x0
                0x0000000008002edc                __dtors_start__ = .
 *(SORT(.dtors.*))
 *(.dtors)
 *(.fini_array)
 *(SORT(.fini_array.*))
                0x0000000008002edc                __dtors_end__ = (__dtors_start__ + SIZEOF (.dtors))
                0x0000000000000000                __dtors_size__ = SIZEOF (.dtors)
                0x0000000008002edc                __dtors_load_end__ = __dtors_end__
                0x0000000000000001                . = ASSERT (((__dtors_start__ == __dtors_end__) || ((__dtors_end__ >= __FLASH_segment_start__) && (__dtors_end__ <= __FLASH_segment_end__))), error: .dtors is too large to fit in FLASH memory segment)
                0x0000000008002edc                __ctors_load_start__ = ALIGN (__dtors_end__, 0x4)

.ctors          0x0000000008002edc        0x0
                0x0000000008002edc                __ctors_start__ = .
 *(SORT(.ctors.*))
 *(.ctors)
 *(.init_array)
 *(SORT(.init_array.*))
                0x0000000008002edc                __ctors_end__ = (__ctors_start__ + SIZEOF (.ctors))
                0x0000000000000000                __ctors_size__ = SIZEOF (.ctors)
                0x0000000008002edc                __ctors_load_end__ = __ctors_end__
                0x0000000000000001                . = ASSERT (((__ctors_start__ == __ctors_end__) || ((__ctors_end__ >= __FLASH_segment_start__) && (__ctors_end__ <= __FLASH_segment_end__))), error: .ctors is too large to fit in FLASH memory segment)
                0x0000000008002edc                __rodata_load_start__ = ALIGN (__ctors_end__, 0x4)

.rodata         0x0000000008002edc       0xc0
                0x0000000008002edc                __rodata_start__ = .
 *(.rodata .rodata.* .gnu.linkonce.r.*)
 .rodata        0x0000000008002edc        0x7 Output/STM32_FK weizhou_filght/Obj/ADXL345.o
 *fill*         0x0000000008002ee3        0x1 
 .rodata        0x0000000008002ee4        0x6 Output/STM32_FK weizhou_filght/Obj/L3G4200.o
 *fill*         0x0000000008002eea        0x2 
 .rodata        0x0000000008002eec       0x8a Output/STM32_FK weizhou_filght/Obj/main.o
 *fill*         0x0000000008002f76        0x2 
 .rodata.libc.__RAL_hex_lc
                0x0000000008002f78       0x10 /Applications/SEGGER Embedded Studio 3.12/lib/libc_v7m_t_le_eabi.a(libc2.o)
                0x0000000008002f78                __RAL_hex_lc
 .rodata.libc.__RAL_hex_uc
                0x0000000008002f88       0x10 /Applications/SEGGER Embedded Studio 3.12/lib/libc_v7m_t_le_eabi.a(libc2.o)
                0x0000000008002f88                __RAL_hex_uc
 .rodata.libc.__aeabi_EDOM
                0x0000000008002f98        0x4 /Applications/SEGGER Embedded Studio 3.12/lib/libc_v7m_t_le_eabi.a(libc2.o)
                0x0000000008002f98                __aeabi_EDOM
                0x0000000008002f9c                __rodata_end__ = (__rodata_start__ + SIZEOF (.rodata))
                0x00000000000000c0                __rodata_size__ = SIZEOF (.rodata)
                0x0000000008002f9c                __rodata_load_end__ = __rodata_end__

.rel.dyn        0x0000000008000000        0x0
 .rel.iplt      0x0000000008000000        0x0 Output/STM32_FK weizhou_filght/Obj/thumb_crt0.o
                0x0000000000000001                . = ASSERT (((__rodata_start__ == __rodata_end__) || ((__rodata_end__ >= __FLASH_segment_start__) && (__rodata_end__ <= __FLASH_segment_end__))), error: .rodata is too large to fit in FLASH memory segment)
                0x0000000008002f9c                __ARM.exidx_load_start__ = ALIGN (__rodata_end__, 0x4)

.ARM.exidx      0x0000000008002f9c        0x0
                0x0000000008002f9c                __ARM.exidx_start__ = .
                0x0000000008002f9c                __exidx_start = __ARM.exidx_start__
 *(.ARM.exidx .ARM.exidx.*)
                0x0000000008002f9c                __ARM.exidx_end__ = (__ARM.exidx_start__ + SIZEOF (.ARM.exidx))
                0x0000000000000000                __ARM.exidx_size__ = SIZEOF (.ARM.exidx)
                0x0000000008002f9c                __exidx_end = __ARM.exidx_end__
                0x0000000008002f9c                __ARM.exidx_load_end__ = __ARM.exidx_end__
                0x0000000000000001                . = ASSERT (((__ARM.exidx_start__ == __ARM.exidx_end__) || ((__ARM.exidx_end__ >= __FLASH_segment_start__) && (__ARM.exidx_end__ <= __FLASH_segment_end__))), error: .ARM.exidx is too large to fit in FLASH memory segment)
                0x0000000008002f9c                __fast_load_start__ = ALIGN (__ARM.exidx_end__, 0x4)

.fast           0x0000000020000000        0x0 load address 0x0000000008002f9c
                0x0000000020000000                __fast_start__ = .
 *(.fast .fast.*)
                0x0000000020000000                __fast_end__ = (__fast_start__ + SIZEOF (.fast))
                0x0000000000000000                __fast_size__ = SIZEOF (.fast)
                0x0000000008002f9c                __fast_load_end__ = (__fast_load_start__ + SIZEOF (.fast))
                0x0000000000000001                . = ASSERT (((__fast_load_start__ == __fast_load_end__) || ((__fast_load_end__ >= __FLASH_segment_start__) && (__fast_load_end__ <= __FLASH_segment_end__))), error: .fast is too large to fit in FLASH memory segment)

.fast_run       0x0000000020000000        0x0
                0x0000000020000000                __fast_run_start__ = .
                0x0000000020000000                . = MAX ((__fast_run_start__ + SIZEOF (.fast)), .)
                0x0000000020000000                __fast_run_end__ = (__fast_run_start__ + SIZEOF (.fast_run))
                0x0000000000000000                __fast_run_size__ = SIZEOF (.fast_run)
                0x0000000020000000                __fast_run_load_end__ = __fast_run_end__
                0x0000000000000001                . = ASSERT (((__fast_run_start__ == __fast_run_end__) || ((__fast_run_end__ >= __SRAM_segment_start__) && (__fast_run_end__ <= __SRAM_segment_end__))), error: .fast_run is too large to fit in SRAM memory segment)
                0x0000000008002f9c                __data_load_start__ = ALIGN ((__fast_load_start__ + SIZEOF (.fast)), 0x4)

.data           0x0000000020000000       0x18 load address 0x0000000008002f9c
                0x0000000020000000                __data_start__ = .
 *(.data .data.* .gnu.linkonce.d.*)
 .data.SystemCoreClock
                0x0000000020000000        0x4 Output/STM32_FK weizhou_filght/Obj/system_stm32f10x.o
                0x0000000020000000                SystemCoreClock
 .data.APBAHBPrescTable
                0x0000000020000004       0x10 Output/STM32_FK weizhou_filght/Obj/stm32f10x_rcc.o
 .data.ADCPrescTable
                0x0000000020000014        0x4 Output/STM32_FK weizhou_filght/Obj/stm32f10x_rcc.o
                0x0000000020000018                __data_end__ = (__data_start__ + SIZEOF (.data))
                0x0000000000000018                __data_size__ = SIZEOF (.data)
                0x0000000008002fb4                __data_load_end__ = (__data_load_start__ + SIZEOF (.data))

.igot.plt       0x0000000100000000        0x0
 .igot.plt      0x0000000100000000        0x0 Output/STM32_FK weizhou_filght/Obj/thumb_crt0.o
                0x0000000000000001                . = ASSERT (((__data_load_start__ == __data_load_end__) || ((__data_load_end__ >= __FLASH_segment_start__) && (__data_load_end__ <= __FLASH_segment_end__))), error: .data is too large to fit in FLASH memory segment)

.data_run       0x0000000020000000       0x18 load address 0x0000000008002f9c
                0x0000000020000000                __data_run_start__ = .
                0x0000000020000018                . = MAX ((__data_run_start__ + SIZEOF (.data)), .)
 *fill*         0x0000000020000000       0x18 
                0x0000000020000018                __data_run_end__ = (__data_run_start__ + SIZEOF (.data_run))
                0x0000000000000018                __data_run_size__ = SIZEOF (.data_run)
                0x0000000020000018                __data_run_load_end__ = __data_run_end__
                0x0000000000000001                . = ASSERT (((__data_run_start__ == __data_run_end__) || ((__data_run_end__ >= __SRAM_segment_start__) && (__data_run_end__ <= __SRAM_segment_end__))), error: .data_run is too large to fit in SRAM memory segment)
                0x0000000008002fb4                __tdata_load_start__ = ALIGN ((__data_load_start__ + SIZEOF (.data)), 0x4)

.tdata          0x0000000020000018        0x0 load address 0x0000000008002fb4
                0x0000000020000018                __tdata_start__ = .
 *(.tdata .tdata.*)
                0x0000000020000018                __tdata_end__ = (__tdata_start__ + SIZEOF (.tdata))
                0x0000000000000000                __tdata_size__ = SIZEOF (.tdata)
                0x0000000008002fb4                __tdata_load_end__ = (__tdata_load_start__ + SIZEOF (.tdata))
                0x0000000008002fb4                __FLASH_segment_used_end__ = (ALIGN ((__data_load_start__ + SIZEOF (.data)), 0x4) + SIZEOF (.tdata))
                0x0000000000002fb4                __FLASH_segment_used_size__ = (__FLASH_segment_used_end__ - __FLASH_segment_start__)
                0x0000000000000001                . = ASSERT (((__tdata_load_start__ == __tdata_load_end__) || ((__tdata_load_end__ >= __FLASH_segment_start__) && (__tdata_load_end__ <= __FLASH_segment_end__))), error: .tdata is too large to fit in FLASH memory segment)

.tdata_run      0x0000000020000018        0x0
                0x0000000020000018                __tdata_run_start__ = .
                0x0000000020000018                . = MAX ((__tdata_run_start__ + SIZEOF (.tdata)), .)
                0x0000000020000018                __tdata_run_end__ = (__tdata_run_start__ + SIZEOF (.tdata_run))
                0x0000000000000000                __tdata_run_size__ = SIZEOF (.tdata_run)
                0x0000000020000018                __tdata_run_load_end__ = __tdata_run_end__
                0x0000000000000001                . = ASSERT (((__tdata_run_start__ == __tdata_run_end__) || ((__tdata_run_end__ >= __SRAM_segment_start__) && (__tdata_run_end__ <= __SRAM_segment_end__))), error: .tdata_run is too large to fit in SRAM memory segment)
                0x0000000020000018                __bss_load_start__ = ALIGN (__tdata_run_end__, 0x4)

.bss            0x0000000020000018       0x84
                0x0000000020000018                __bss_start__ = .
 *(.bss .bss.* .gnu.linkonce.b.*)
 .bss.FLAG_Send
                0x0000000020000018        0x1 Output/STM32_FK weizhou_filght/Obj/INIT.o
                0x0000000020000018                FLAG_Send
 *fill*         0x0000000020000019        0x3 
 .bss.L3G4200_GYRO_LAST
                0x000000002000001c        0x6 Output/STM32_FK weizhou_filght/Obj/L3G4200.o
                0x000000002000001c                L3G4200_GYRO_LAST
 *fill*         0x0000000020000022        0x2 
 .bss.GYRO_OFFSET
                0x0000000020000024        0x6 Output/STM32_FK weizhou_filght/Obj/L3G4200.o
                0x0000000020000024                GYRO_OFFSET
 *fill*         0x000000002000002a        0x2 
 .bss.Q_ANGLE   0x000000002000002c        0xc Output/STM32_FK weizhou_filght/Obj/IMU.o
                0x000000002000002c                Q_ANGLE
 .bss.last_yaw  0x0000000020000038        0x8 Output/STM32_FK weizhou_filght/Obj/IMU.o
                0x0000000020000038                last_yaw
 .bss.buf       0x0000000020000040       0x18 Output/STM32_FK weizhou_filght/Obj/SendData.o
 .bss.ctemp.5491
                0x0000000020000058        0x1 Output/STM32_FK weizhou_filght/Obj/SendData.o
 *fill*         0x0000000020000059        0x3 
 .bss.DMA_InitStructure
                0x000000002000005c       0x2c Output/STM32_FK weizhou_filght/Obj/DMA.o
                0x000000002000005c                DMA_InitStructure
 .bss.DMA1_MEM_LEN
                0x0000000020000088        0x2 Output/STM32_FK weizhou_filght/Obj/DMA.o
                0x0000000020000088                DMA1_MEM_LEN
 *fill*         0x000000002000008a        0x2 
 .bss.HMC5883_LAST
                0x000000002000008c        0x6 Output/STM32_FK weizhou_filght/Obj/HMC5883.o
                0x000000002000008c                HMC5883_LAST
 .bss.fac_us    0x0000000020000092        0x1 Output/STM32_FK weizhou_filght/Obj/delay.o
 *fill*         0x0000000020000093        0x1 
 .bss.fac_ms    0x0000000020000094        0x2 Output/STM32_FK weizhou_filght/Obj/delay.o
 *fill*         0x0000000020000096        0x2 
 .bss.libc.__user_format_extender
                0x0000000020000098        0x4 /Applications/SEGGER Embedded Studio 3.12/lib/libc_v7m_t_le_eabi.a(libc2.o)
                0x0000000020000098                __user_format_extender
 *(COMMON)
                0x000000002000009c                __bss_end__ = (__bss_start__ + SIZEOF (.bss))
                0x0000000000000084                __bss_size__ = SIZEOF (.bss)
                0x000000002000009c                __bss_load_end__ = __bss_end__
                0x0000000000000001                . = ASSERT (((__bss_start__ == __bss_end__) || ((__bss_end__ >= __SRAM_segment_start__) && (__bss_end__ <= __SRAM_segment_end__))), error: .bss is too large to fit in SRAM memory segment)
                0x000000002000009c                __tbss_load_start__ = ALIGN (__bss_end__, 0x4)

.tbss           0x000000002000009c        0x4
                0x000000002000009c                __tbss_start__ = .
 *(.tbss .tbss.*)
 .tbss.errno_val
                0x000000002000009c        0x4 /Applications/SEGGER Embedded Studio 3.12/lib/libc_v7m_t_le_eabi.a(libc2.o)
                0x00000000200000a0                __tbss_end__ = (__tbss_start__ + SIZEOF (.tbss))
                0x0000000000000004                __tbss_size__ = SIZEOF (.tbss)
                0x00000000200000a0                __tbss_load_end__ = __tbss_end__
                0x0000000000000001                . = ASSERT (((__tbss_start__ == __tbss_end__) || ((__tbss_end__ >= __SRAM_segment_start__) && (__tbss_end__ <= __SRAM_segment_end__))), error: .tbss is too large to fit in SRAM memory segment)
                0x00000000200000a0                __non_init_load_start__ = ALIGN (__tbss_end__, 0x4)

.non_init       0x00000000200000a0        0x0
                0x00000000200000a0                __non_init_start__ = .
 *(.non_init .non_init.*)
                0x00000000200000a0                __non_init_end__ = (__non_init_start__ + SIZEOF (.non_init))
                0x0000000000000000                __non_init_size__ = SIZEOF (.non_init)
                0x00000000200000a0                __non_init_load_end__ = __non_init_end__
                0x0000000000000001                . = ASSERT (((__non_init_start__ == __non_init_end__) || ((__non_init_end__ >= __SRAM_segment_start__) && (__non_init_end__ <= __SRAM_segment_end__))), error: .non_init is too large to fit in SRAM memory segment)
                0x00000000200000a0                __heap_load_start__ = ALIGN (__non_init_end__, 0x4)

.heap           0x00000000200000a0      0x400
                0x00000000200000a0                __heap_start__ = .
 *(.heap .heap.*)
                0x00000000200004a0                . = ALIGN (MAX ((__heap_start__ + __HEAPSIZE__), .), 0x4)
 *fill*         0x00000000200000a0      0x400 
                0x00000000200004a0                __heap_end__ = (__heap_start__ + SIZEOF (.heap))
                0x0000000000000400                __heap_size__ = SIZEOF (.heap)
                0x00000000200004a0                __heap_load_end__ = __heap_end__
                0x0000000000000001                . = ASSERT (((__heap_start__ == __heap_end__) || ((__heap_end__ >= __SRAM_segment_start__) && (__heap_end__ <= __SRAM_segment_end__))), error: .heap is too large to fit in SRAM memory segment)
                0x000000002000fc00                __stack_load_start__ = (__SRAM_segment_end__ - 0x400)

.stack          0x000000002000fc00      0x400
                0x000000002000fc00                __stack_start__ = .
 *(.stack .stack.*)
                0x0000000020010000                . = ALIGN (MAX ((__stack_start__ + __STACKSIZE__), .), 0x8)
 *fill*         0x000000002000fc00      0x400 
                0x0000000020010000                __stack_end__ = (__stack_start__ + SIZEOF (.stack))
                0x0000000000000400                __stack_size__ = SIZEOF (.stack)
                0x0000000020010000                __stack_load_end__ = __stack_end__
                0x0000000000000001                . = ASSERT (((__stack_start__ == __stack_end__) || ((__stack_end__ >= __SRAM_segment_start__) && (__stack_end__ <= __SRAM_segment_end__))), error: .stack is too large to fit in SRAM memory segment)
                0x0000000000000001                . = ASSERT ((__heap_end__ <= __stack_start__), error: section .heap overlaps absolute placed section .stack)
                0x0000000020010000                __stack_process_load_start__ = ALIGN (__stack_end__, 0x8)

.stack_process  0x0000000020010000        0x0
                0x0000000020010000                __stack_process_start__ = .
 *(.stack_process .stack_process.*)
                0x0000000020010000                . = ALIGN (MAX ((__stack_process_start__ + __STACKSIZE_PROCESS__), .), 0x8)
                0x0000000020010000                __stack_process_end__ = (__stack_process_start__ + SIZEOF (.stack_process))
                0x0000000000000000                __stack_process_size__ = SIZEOF (.stack_process)
                0x0000000020010000                __stack_process_load_end__ = __stack_process_end__
                0x0000000020010000                __SRAM_segment_used_end__ = (ALIGN (__stack_end__, 0x8) + SIZEOF (.stack_process))
                0x0000000000010000                __SRAM_segment_used_size__ = (__SRAM_segment_used_end__ - __SRAM_segment_start__)
                0x0000000000000001                . = ASSERT (((__stack_process_start__ == __stack_process_end__) || ((__stack_process_end__ >= __SRAM_segment_start__) && (__stack_process_end__ <= __SRAM_segment_end__))), error: .stack_process is too large to fit in SRAM memory segment)
START GROUP
LOAD Output/STM32_FK weizhou_filght/Obj/thumb_crt0.o
LOAD Output/STM32_FK weizhou_filght/Obj/Cortex_M_Startup.o
LOAD Output/STM32_FK weizhou_filght/Obj/INIT.o
LOAD Output/STM32_FK weizhou_filght/Obj/LED.o
LOAD Output/STM32_FK weizhou_filght/Obj/ADXL345.o
LOAD Output/STM32_FK weizhou_filght/Obj/L3G4200.o
LOAD Output/STM32_FK weizhou_filght/Obj/IIC.o
LOAD Output/STM32_FK weizhou_filght/Obj/IMU.o
LOAD Output/STM32_FK weizhou_filght/Obj/SendData.o
LOAD Output/STM32_FK weizhou_filght/Obj/DMA.o
LOAD Output/STM32_FK weizhou_filght/Obj/HMC5883.o
LOAD Output/STM32_FK weizhou_filght/Obj/main.o
LOAD Output/STM32_FK weizhou_filght/Obj/stm32f10x_it.o
LOAD Output/STM32_FK weizhou_filght/Obj/system_stm32f10x.o
LOAD Output/STM32_FK weizhou_filght/Obj/delay.o
LOAD Output/STM32_FK weizhou_filght/Obj/sys.o
LOAD Output/STM32_FK weizhou_filght/Obj/usart.o
LOAD Output/STM32_FK weizhou_filght/Obj/misc.o
LOAD Output/STM32_FK weizhou_filght/Obj/stm32f10x_adc.o
LOAD Output/STM32_FK weizhou_filght/Obj/stm32f10x_bkp.o
LOAD Output/STM32_FK weizhou_filght/Obj/stm32f10x_can.o
LOAD Output/STM32_FK weizhou_filght/Obj/stm32f10x_cec.o
LOAD Output/STM32_FK weizhou_filght/Obj/stm32f10x_crc.o
LOAD Output/STM32_FK weizhou_filght/Obj/stm32f10x_dac.o
LOAD Output/STM32_FK weizhou_filght/Obj/stm32f10x_dbgmcu.o
LOAD Output/STM32_FK weizhou_filght/Obj/stm32f10x_dma.o
LOAD Output/STM32_FK weizhou_filght/Obj/stm32f10x_exti.o
LOAD Output/STM32_FK weizhou_filght/Obj/stm32f10x_flash.o
LOAD Output/STM32_FK weizhou_filght/Obj/stm32f10x_fsmc.o
LOAD Output/STM32_FK weizhou_filght/Obj/stm32f10x_gpio.o
LOAD Output/STM32_FK weizhou_filght/Obj/stm32f10x_i2c.o
LOAD Output/STM32_FK weizhou_filght/Obj/stm32f10x_iwdg.o
LOAD Output/STM32_FK weizhou_filght/Obj/stm32f10x_pwr.o
LOAD Output/STM32_FK weizhou_filght/Obj/stm32f10x_rcc.o
LOAD Output/STM32_FK weizhou_filght/Obj/stm32f10x_rtc.o
LOAD Output/STM32_FK weizhou_filght/Obj/stm32f10x_sdio.o
LOAD Output/STM32_FK weizhou_filght/Obj/stm32f10x_spi.o
LOAD Output/STM32_FK weizhou_filght/Obj/stm32f10x_tim.o
LOAD Output/STM32_FK weizhou_filght/Obj/stm32f10x_usart.o
LOAD Output/STM32_FK weizhou_filght/Obj/stm32f10x_wwdg.o
LOAD Output/STM32_FK weizhou_filght/Obj/core_cm3.o
LOAD /Applications/SEGGER Embedded Studio 3.12/lib/libdebugio_mempoll_v7m_t_le_eabi.a
LOAD /Applications/SEGGER Embedded Studio 3.12/lib/libm_v7m_t_le_eabi.a
LOAD /Applications/SEGGER Embedded Studio 3.12/lib/libc_v7m_t_le_eabi.a
LOAD /Applications/SEGGER Embedded Studio 3.12/lib/libcpp_v7m_t_le_eabi.a
LOAD /Applications/SEGGER Embedded Studio 3.12/lib/libdebugio_v7m_t_le_eabi.a
LOAD /Applications/SEGGER Embedded Studio 3.12/lib/libvfprintf_v7m_t_le_eabi.o
LOAD /Applications/SEGGER Embedded Studio 3.12/lib/libvfscanf_v7m_t_le_eabi.o
END GROUP
OUTPUT(Output/weizhou_filght/Exe/STM32_FK.elf elf32-littlearm)

.ARM.attributes
                0x0000000000000000       0x2f
 .ARM.attributes
                0x0000000000000000       0x21 Output/STM32_FK weizhou_filght/Obj/thumb_crt0.o
 .ARM.attributes
                0x0000000000000021       0x21 Output/STM32_FK weizhou_filght/Obj/Cortex_M_Startup.o
 .ARM.attributes
                0x0000000000000042       0x33 Output/STM32_FK weizhou_filght/Obj/INIT.o
 .ARM.attributes
                0x0000000000000075       0x33 Output/STM32_FK weizhou_filght/Obj/LED.o
 .ARM.attributes
                0x00000000000000a8       0x33 Output/STM32_FK weizhou_filght/Obj/ADXL345.o
 .ARM.attributes
                0x00000000000000db       0x33 Output/STM32_FK weizhou_filght/Obj/L3G4200.o
 .ARM.attributes
                0x000000000000010e       0x33 Output/STM32_FK weizhou_filght/Obj/IIC.o
 .ARM.attributes
                0x0000000000000141       0x33 Output/STM32_FK weizhou_filght/Obj/IMU.o
 .ARM.attributes
                0x0000000000000174       0x33 Output/STM32_FK weizhou_filght/Obj/SendData.o
 .ARM.attributes
                0x00000000000001a7       0x33 Output/STM32_FK weizhou_filght/Obj/DMA.o
 .ARM.attributes
                0x00000000000001da       0x33 Output/STM32_FK weizhou_filght/Obj/HMC5883.o
 .ARM.attributes
                0x000000000000020d       0x33 Output/STM32_FK weizhou_filght/Obj/main.o
 .ARM.attributes
                0x0000000000000240       0x33 Output/STM32_FK weizhou_filght/Obj/stm32f10x_it.o
 .ARM.attributes
                0x0000000000000273       0x33 Output/STM32_FK weizhou_filght/Obj/system_stm32f10x.o
 .ARM.attributes
                0x00000000000002a6       0x33 Output/STM32_FK weizhou_filght/Obj/delay.o
 .ARM.attributes
                0x00000000000002d9       0x33 Output/STM32_FK weizhou_filght/Obj/usart.o
 .ARM.attributes
                0x000000000000030c       0x33 Output/STM32_FK weizhou_filght/Obj/misc.o
 .ARM.attributes
                0x000000000000033f       0x33 Output/STM32_FK weizhou_filght/Obj/stm32f10x_dma.o
 .ARM.attributes
                0x0000000000000372       0x33 Output/STM32_FK weizhou_filght/Obj/stm32f10x_gpio.o
 .ARM.attributes
                0x00000000000003a5       0x33 Output/STM32_FK weizhou_filght/Obj/stm32f10x_rcc.o
 .ARM.attributes
                0x00000000000003d8       0x33 Output/STM32_FK weizhou_filght/Obj/stm32f10x_tim.o
 .ARM.attributes
                0x000000000000040b       0x33 Output/STM32_FK weizhou_filght/Obj/stm32f10x_usart.o
 .ARM.attributes
                0x000000000000043e       0x1b /Applications/SEGGER Embedded Studio 3.12/lib/libm_v7m_t_le_eabi.a(libm_asm.o)
 .ARM.attributes
                0x0000000000000459       0x2d /Applications/SEGGER Embedded Studio 3.12/lib/libm_v7m_t_le_eabi.a(libm2.o)
 .ARM.attributes
                0x0000000000000486       0x1b /Applications/SEGGER Embedded Studio 3.12/lib/libm_v7m_t_le_eabi.a(libm2_asm.o)
 .ARM.attributes
                0x00000000000004a1       0x2d /Applications/SEGGER Embedded Studio 3.12/lib/libc_v7m_t_le_eabi.a(libc2.o)
 .ARM.attributes
                0x00000000000004ce       0x2d /Applications/SEGGER Embedded Studio 3.12/lib/libvfprintf_v7m_t_le_eabi.o

.comment        0x0000000000000000       0x4c
 .comment       0x0000000000000000       0x4c Output/STM32_FK weizhou_filght/Obj/INIT.o
                                         0x4d (size before relaxing)
 .comment       0x000000000000004c       0x4d Output/STM32_FK weizhou_filght/Obj/LED.o
 .comment       0x000000000000004c       0x4d Output/STM32_FK weizhou_filght/Obj/ADXL345.o
 .comment       0x000000000000004c       0x4d Output/STM32_FK weizhou_filght/Obj/L3G4200.o
 .comment       0x000000000000004c       0x4d Output/STM32_FK weizhou_filght/Obj/IIC.o
 .comment       0x000000000000004c       0x4d Output/STM32_FK weizhou_filght/Obj/IMU.o
 .comment       0x000000000000004c       0x4d Output/STM32_FK weizhou_filght/Obj/SendData.o
 .comment       0x000000000000004c       0x4d Output/STM32_FK weizhou_filght/Obj/DMA.o
 .comment       0x000000000000004c       0x4d Output/STM32_FK weizhou_filght/Obj/HMC5883.o
 .comment       0x000000000000004c       0x4d Output/STM32_FK weizhou_filght/Obj/main.o
 .comment       0x000000000000004c       0x4d Output/STM32_FK weizhou_filght/Obj/stm32f10x_it.o
 .comment       0x000000000000004c       0x4d Output/STM32_FK weizhou_filght/Obj/system_stm32f10x.o
 .comment       0x000000000000004c       0x4d Output/STM32_FK weizhou_filght/Obj/delay.o
 .comment       0x000000000000004c       0x4d Output/STM32_FK weizhou_filght/Obj/usart.o
 .comment       0x000000000000004c       0x4d Output/STM32_FK weizhou_filght/Obj/misc.o
 .comment       0x000000000000004c       0x4d Output/STM32_FK weizhou_filght/Obj/stm32f10x_dma.o
 .comment       0x000000000000004c       0x4d Output/STM32_FK weizhou_filght/Obj/stm32f10x_gpio.o
 .comment       0x000000000000004c       0x4d Output/STM32_FK weizhou_filght/Obj/stm32f10x_rcc.o
 .comment       0x000000000000004c       0x4d Output/STM32_FK weizhou_filght/Obj/stm32f10x_tim.o
 .comment       0x000000000000004c       0x4d Output/STM32_FK weizhou_filght/Obj/stm32f10x_usart.o
 .comment       0x000000000000004c       0x4d /Applications/SEGGER Embedded Studio 3.12/lib/libm_v7m_t_le_eabi.a(libm2.o)
 .comment       0x000000000000004c       0x4d /Applications/SEGGER Embedded Studio 3.12/lib/libc_v7m_t_le_eabi.a(libc2.o)
 .comment       0x000000000000004c       0x4d /Applications/SEGGER Embedded Studio 3.12/lib/libvfprintf_v7m_t_le_eabi.o

.debug_line     0x0000000000000000     0x3d04
 .debug_line    0x0000000000000000      0x230 Output/STM32_FK weizhou_filght/Obj/thumb_crt0.o
 .debug_line    0x0000000000000230       0xa2 Output/STM32_FK weizhou_filght/Obj/Cortex_M_Startup.o
 .debug_line    0x00000000000002d2      0x2aa Output/STM32_FK weizhou_filght/Obj/INIT.o
 .debug_line    0x000000000000057c      0x16c Output/STM32_FK weizhou_filght/Obj/LED.o
 .debug_line    0x00000000000006e8      0x1c5 Output/STM32_FK weizhou_filght/Obj/ADXL345.o
 .debug_line    0x00000000000008ad      0x18c Output/STM32_FK weizhou_filght/Obj/L3G4200.o
 .debug_line    0x0000000000000a39      0x344 Output/STM32_FK weizhou_filght/Obj/IIC.o
 .debug_line    0x0000000000000d7d      0x3e4 Output/STM32_FK weizhou_filght/Obj/IMU.o
 .debug_line    0x0000000000001161      0x35b Output/STM32_FK weizhou_filght/Obj/SendData.o
 .debug_line    0x00000000000014bc      0x1a4 Output/STM32_FK weizhou_filght/Obj/DMA.o
 .debug_line    0x0000000000001660      0x1cc Output/STM32_FK weizhou_filght/Obj/HMC5883.o
 .debug_line    0x000000000000182c      0x248 Output/STM32_FK weizhou_filght/Obj/main.o
 .debug_line    0x0000000000001a74      0x1c0 Output/STM32_FK weizhou_filght/Obj/stm32f10x_it.o
 .debug_line    0x0000000000001c34      0x1dd Output/STM32_FK weizhou_filght/Obj/system_stm32f10x.o
 .debug_line    0x0000000000001e11      0x19d Output/STM32_FK weizhou_filght/Obj/delay.o
 .debug_line    0x0000000000001fae      0x23c Output/STM32_FK weizhou_filght/Obj/usart.o
 .debug_line    0x00000000000021ea      0x1c2 Output/STM32_FK weizhou_filght/Obj/misc.o
 .debug_line    0x00000000000023ac      0x2b7 Output/STM32_FK weizhou_filght/Obj/stm32f10x_dma.o
 .debug_line    0x0000000000002663      0x34f Output/STM32_FK weizhou_filght/Obj/stm32f10x_gpio.o
 .debug_line    0x00000000000029b2      0x44a Output/STM32_FK weizhou_filght/Obj/stm32f10x_rcc.o
 .debug_line    0x0000000000002dfc      0xacf Output/STM32_FK weizhou_filght/Obj/stm32f10x_tim.o
 .debug_line    0x00000000000038cb      0x439 Output/STM32_FK weizhou_filght/Obj/stm32f10x_usart.o

.debug_info     0x0000000000000000     0x9815
 .debug_info    0x0000000000000000       0x95 Output/STM32_FK weizhou_filght/Obj/thumb_crt0.o
 .debug_info    0x0000000000000095       0xa0 Output/STM32_FK weizhou_filght/Obj/Cortex_M_Startup.o
 .debug_info    0x0000000000000135      0xd3f Output/STM32_FK weizhou_filght/Obj/INIT.o
 .debug_info    0x0000000000000e74      0x1fc Output/STM32_FK weizhou_filght/Obj/LED.o
 .debug_info    0x0000000000001070      0x75e Output/STM32_FK weizhou_filght/Obj/ADXL345.o
 .debug_info    0x00000000000017ce      0x1c7 Output/STM32_FK weizhou_filght/Obj/L3G4200.o
 .debug_info    0x0000000000001995      0x503 Output/STM32_FK weizhou_filght/Obj/IIC.o
 .debug_info    0x0000000000001e98      0xe44 Output/STM32_FK weizhou_filght/Obj/IMU.o
 .debug_info    0x0000000000002cdc      0x49c Output/STM32_FK weizhou_filght/Obj/SendData.o
 .debug_info    0x0000000000003178      0x36c Output/STM32_FK weizhou_filght/Obj/DMA.o
 .debug_info    0x00000000000034e4      0x766 Output/STM32_FK weizhou_filght/Obj/HMC5883.o
 .debug_info    0x0000000000003c4a      0xa22 Output/STM32_FK weizhou_filght/Obj/main.o
 .debug_info    0x000000000000466c      0x130 Output/STM32_FK weizhou_filght/Obj/stm32f10x_it.o
 .debug_info    0x000000000000479c      0x46d Output/STM32_FK weizhou_filght/Obj/system_stm32f10x.o
 .debug_info    0x0000000000004c09      0x1bb Output/STM32_FK weizhou_filght/Obj/delay.o
 .debug_info    0x0000000000004dc4      0xbab Output/STM32_FK weizhou_filght/Obj/usart.o
 .debug_info    0x000000000000596f      0x51e Output/STM32_FK weizhou_filght/Obj/misc.o
 .debug_info    0x0000000000005e8d      0x457 Output/STM32_FK weizhou_filght/Obj/stm32f10x_dma.o
 .debug_info    0x00000000000062e4      0x6c7 Output/STM32_FK weizhou_filght/Obj/stm32f10x_gpio.o
 .debug_info    0x00000000000069ab      0x878 Output/STM32_FK weizhou_filght/Obj/stm32f10x_rcc.o
 .debug_info    0x0000000000007223     0x1c31 Output/STM32_FK weizhou_filght/Obj/stm32f10x_tim.o
 .debug_info    0x0000000000008e54      0x9c1 Output/STM32_FK weizhou_filght/Obj/stm32f10x_usart.o

.debug_abbrev   0x0000000000000000     0x1e7e
 .debug_abbrev  0x0000000000000000       0x12 Output/STM32_FK weizhou_filght/Obj/thumb_crt0.o
 .debug_abbrev  0x0000000000000012       0x14 Output/STM32_FK weizhou_filght/Obj/Cortex_M_Startup.o
 .debug_abbrev  0x0000000000000026      0x1f2 Output/STM32_FK weizhou_filght/Obj/INIT.o
 .debug_abbrev  0x0000000000000218      0x105 Output/STM32_FK weizhou_filght/Obj/LED.o
 .debug_abbrev  0x000000000000031d      0x183 Output/STM32_FK weizhou_filght/Obj/ADXL345.o
 .debug_abbrev  0x00000000000004a0      0x124 Output/STM32_FK weizhou_filght/Obj/L3G4200.o
 .debug_abbrev  0x00000000000005c4      0x20b Output/STM32_FK weizhou_filght/Obj/IIC.o
 .debug_abbrev  0x00000000000007cf      0x1e8 Output/STM32_FK weizhou_filght/Obj/IMU.o
 .debug_abbrev  0x00000000000009b7      0x160 Output/STM32_FK weizhou_filght/Obj/SendData.o
 .debug_abbrev  0x0000000000000b17      0x14f Output/STM32_FK weizhou_filght/Obj/DMA.o
 .debug_abbrev  0x0000000000000c66      0x183 Output/STM32_FK weizhou_filght/Obj/HMC5883.o
 .debug_abbrev  0x0000000000000de9      0x174 Output/STM32_FK weizhou_filght/Obj/main.o
 .debug_abbrev  0x0000000000000f5d       0x7b Output/STM32_FK weizhou_filght/Obj/stm32f10x_it.o
 .debug_abbrev  0x0000000000000fd8      0x171 Output/STM32_FK weizhou_filght/Obj/system_stm32f10x.o
 .debug_abbrev  0x0000000000001149       0xff Output/STM32_FK weizhou_filght/Obj/delay.o
 .debug_abbrev  0x0000000000001248      0x218 Output/STM32_FK weizhou_filght/Obj/usart.o
 .debug_abbrev  0x0000000000001460      0x175 Output/STM32_FK weizhou_filght/Obj/misc.o
 .debug_abbrev  0x00000000000015d5      0x185 Output/STM32_FK weizhou_filght/Obj/stm32f10x_dma.o
 .debug_abbrev  0x000000000000175a      0x1e0 Output/STM32_FK weizhou_filght/Obj/stm32f10x_gpio.o
 .debug_abbrev  0x000000000000193a      0x1d2 Output/STM32_FK weizhou_filght/Obj/stm32f10x_rcc.o
 .debug_abbrev  0x0000000000001b0c      0x1c6 Output/STM32_FK weizhou_filght/Obj/stm32f10x_tim.o
 .debug_abbrev  0x0000000000001cd2      0x1ac Output/STM32_FK weizhou_filght/Obj/stm32f10x_usart.o

.debug_aranges  0x0000000000000000      0xa98
 .debug_aranges
                0x0000000000000000       0xb0 Output/STM32_FK weizhou_filght/Obj/thumb_crt0.o
 .debug_aranges
                0x00000000000000b0       0x20 Output/STM32_FK weizhou_filght/Obj/Cortex_M_Startup.o
 .debug_aranges
                0x00000000000000d0       0x40 Output/STM32_FK weizhou_filght/Obj/INIT.o
 .debug_aranges
                0x0000000000000110       0x20 Output/STM32_FK weizhou_filght/Obj/LED.o
 .debug_aranges
                0x0000000000000130       0x28 Output/STM32_FK weizhou_filght/Obj/ADXL345.o
 .debug_aranges
                0x0000000000000158       0x28 Output/STM32_FK weizhou_filght/Obj/L3G4200.o
 .debug_aranges
                0x0000000000000180       0x88 Output/STM32_FK weizhou_filght/Obj/IIC.o
 .debug_aranges
                0x0000000000000208       0x70 Output/STM32_FK weizhou_filght/Obj/IMU.o
 .debug_aranges
                0x0000000000000278       0x40 Output/STM32_FK weizhou_filght/Obj/SendData.o
 .debug_aranges
                0x00000000000002b8       0x30 Output/STM32_FK weizhou_filght/Obj/DMA.o
 .debug_aranges
                0x00000000000002e8       0x30 Output/STM32_FK weizhou_filght/Obj/HMC5883.o
 .debug_aranges
                0x0000000000000318       0x20 Output/STM32_FK weizhou_filght/Obj/main.o
 .debug_aranges
                0x0000000000000338       0x60 Output/STM32_FK weizhou_filght/Obj/stm32f10x_it.o
 .debug_aranges
                0x0000000000000398       0x38 Output/STM32_FK weizhou_filght/Obj/system_stm32f10x.o
 .debug_aranges
                0x00000000000003d0       0x30 Output/STM32_FK weizhou_filght/Obj/delay.o
 .debug_aranges
                0x0000000000000400       0x38 Output/STM32_FK weizhou_filght/Obj/usart.o
 .debug_aranges
                0x0000000000000438       0x40 Output/STM32_FK weizhou_filght/Obj/misc.o
 .debug_aranges
                0x0000000000000478       0x70 Output/STM32_FK weizhou_filght/Obj/stm32f10x_dma.o
 .debug_aranges
                0x00000000000004e8       0xa8 Output/STM32_FK weizhou_filght/Obj/stm32f10x_gpio.o
 .debug_aranges
                0x0000000000000590      0x118 Output/STM32_FK weizhou_filght/Obj/stm32f10x_rcc.o
 .debug_aranges
                0x00000000000006a8      0x2f0 Output/STM32_FK weizhou_filght/Obj/stm32f10x_tim.o
 .debug_aranges
                0x0000000000000998      0x100 Output/STM32_FK weizhou_filght/Obj/stm32f10x_usart.o

.debug_ranges   0x0000000000000000      0x930
 .debug_ranges  0x0000000000000000       0xa8 Output/STM32_FK weizhou_filght/Obj/thumb_crt0.o
 .debug_ranges  0x00000000000000a8       0x30 Output/STM32_FK weizhou_filght/Obj/INIT.o
 .debug_ranges  0x00000000000000d8       0x10 Output/STM32_FK weizhou_filght/Obj/LED.o
 .debug_ranges  0x00000000000000e8       0x18 Output/STM32_FK weizhou_filght/Obj/ADXL345.o
 .debug_ranges  0x0000000000000100       0x18 Output/STM32_FK weizhou_filght/Obj/L3G4200.o
 .debug_ranges  0x0000000000000118       0x78 Output/STM32_FK weizhou_filght/Obj/IIC.o
 .debug_ranges  0x0000000000000190       0x60 Output/STM32_FK weizhou_filght/Obj/IMU.o
 .debug_ranges  0x00000000000001f0       0x30 Output/STM32_FK weizhou_filght/Obj/SendData.o
 .debug_ranges  0x0000000000000220       0x20 Output/STM32_FK weizhou_filght/Obj/DMA.o
 .debug_ranges  0x0000000000000240       0x20 Output/STM32_FK weizhou_filght/Obj/HMC5883.o
 .debug_ranges  0x0000000000000260       0x10 Output/STM32_FK weizhou_filght/Obj/main.o
 .debug_ranges  0x0000000000000270       0x50 Output/STM32_FK weizhou_filght/Obj/stm32f10x_it.o
 .debug_ranges  0x00000000000002c0       0x28 Output/STM32_FK weizhou_filght/Obj/system_stm32f10x.o
 .debug_ranges  0x00000000000002e8       0x20 Output/STM32_FK weizhou_filght/Obj/delay.o
 .debug_ranges  0x0000000000000308       0x28 Output/STM32_FK weizhou_filght/Obj/usart.o
 .debug_ranges  0x0000000000000330       0x30 Output/STM32_FK weizhou_filght/Obj/misc.o
 .debug_ranges  0x0000000000000360       0x60 Output/STM32_FK weizhou_filght/Obj/stm32f10x_dma.o
 .debug_ranges  0x00000000000003c0       0x98 Output/STM32_FK weizhou_filght/Obj/stm32f10x_gpio.o
 .debug_ranges  0x0000000000000458      0x108 Output/STM32_FK weizhou_filght/Obj/stm32f10x_rcc.o
 .debug_ranges  0x0000000000000560      0x2e0 Output/STM32_FK weizhou_filght/Obj/stm32f10x_tim.o
 .debug_ranges  0x0000000000000840       0xf0 Output/STM32_FK weizhou_filght/Obj/stm32f10x_usart.o

.debug_frame    0x0000000000000000     0x417c
 .debug_frame   0x0000000000000000       0xfc Output/STM32_FK weizhou_filght/Obj/INIT.o
 .debug_frame   0x00000000000000fc       0x48 Output/STM32_FK weizhou_filght/Obj/LED.o
 .debug_frame   0x0000000000000144       0x80 Output/STM32_FK weizhou_filght/Obj/ADXL345.o
 .debug_frame   0x00000000000001c4       0x80 Output/STM32_FK weizhou_filght/Obj/L3G4200.o
 .debug_frame   0x0000000000000244      0x2d0 Output/STM32_FK weizhou_filght/Obj/IIC.o
 .debug_frame   0x0000000000000514      0x2a0 Output/STM32_FK weizhou_filght/Obj/IMU.o
 .debug_frame   0x00000000000007b4      0x138 Output/STM32_FK weizhou_filght/Obj/SendData.o
 .debug_frame   0x00000000000008ec       0xb8 Output/STM32_FK weizhou_filght/Obj/DMA.o
 .debug_frame   0x00000000000009a4       0xa8 Output/STM32_FK weizhou_filght/Obj/HMC5883.o
 .debug_frame   0x0000000000000a4c       0x40 Output/STM32_FK weizhou_filght/Obj/main.o
 .debug_frame   0x0000000000000a8c      0x180 Output/STM32_FK weizhou_filght/Obj/stm32f10x_it.o
 .debug_frame   0x0000000000000c0c       0xd8 Output/STM32_FK weizhou_filght/Obj/system_stm32f10x.o
 .debug_frame   0x0000000000000ce4       0xb4 Output/STM32_FK weizhou_filght/Obj/delay.o
 .debug_frame   0x0000000000000d98      0x100 Output/STM32_FK weizhou_filght/Obj/usart.o
 .debug_frame   0x0000000000000e98      0x150 Output/STM32_FK weizhou_filght/Obj/misc.o
 .debug_frame   0x0000000000000fe8      0x2d0 Output/STM32_FK weizhou_filght/Obj/stm32f10x_dma.o
 .debug_frame   0x00000000000012b8      0x46c Output/STM32_FK weizhou_filght/Obj/stm32f10x_gpio.o
 .debug_frame   0x0000000000001724      0x7d8 Output/STM32_FK weizhou_filght/Obj/stm32f10x_rcc.o
 .debug_frame   0x0000000000001efc     0x1698 Output/STM32_FK weizhou_filght/Obj/stm32f10x_tim.o
 .debug_frame   0x0000000000003594      0x738 Output/STM32_FK weizhou_filght/Obj/stm32f10x_usart.o
 .debug_frame   0x0000000000003ccc      0x440 /Applications/SEGGER Embedded Studio 3.12/lib/libm_v7m_t_le_eabi.a(libm_asm.o)
 .debug_frame   0x000000000000410c       0x70 /Applications/SEGGER Embedded Studio 3.12/lib/libm_v7m_t_le_eabi.a(libm2_asm.o)

.debug_pubnames
                0x0000000000000000     0x27dd
 .debug_pubnames
                0x0000000000000000      0x589 Output/STM32_FK weizhou_filght/Obj/INIT.o
 .debug_pubnames
                0x0000000000000589      0x116 Output/STM32_FK weizhou_filght/Obj/LED.o
 .debug_pubnames
                0x000000000000069f       0xa4 Output/STM32_FK weizhou_filght/Obj/ADXL345.o
 .debug_pubnames
                0x0000000000000743       0xa7 Output/STM32_FK weizhou_filght/Obj/L3G4200.o
 .debug_pubnames
                0x00000000000007ea      0x1e1 Output/STM32_FK weizhou_filght/Obj/IIC.o
 .debug_pubnames
                0x00000000000009cb      0x1c2 Output/STM32_FK weizhou_filght/Obj/IMU.o
 .debug_pubnames
                0x0000000000000b8d       0x8c Output/STM32_FK weizhou_filght/Obj/SendData.o
 .debug_pubnames
                0x0000000000000c19       0xc0 Output/STM32_FK weizhou_filght/Obj/DMA.o
 .debug_pubnames
                0x0000000000000cd9       0x6a Output/STM32_FK weizhou_filght/Obj/HMC5883.o
 .debug_pubnames
                0x0000000000000d43       0x32 Output/STM32_FK weizhou_filght/Obj/main.o
 .debug_pubnames
                0x0000000000000d75       0xc6 Output/STM32_FK weizhou_filght/Obj/stm32f10x_it.o
 .debug_pubnames
                0x0000000000000e3b       0x97 Output/STM32_FK weizhou_filght/Obj/system_stm32f10x.o
 .debug_pubnames
                0x0000000000000ed2       0x51 Output/STM32_FK weizhou_filght/Obj/delay.o
 .debug_pubnames
                0x0000000000000f23      0x65d Output/STM32_FK weizhou_filght/Obj/usart.o
 .debug_pubnames
                0x0000000000001580       0xa0 Output/STM32_FK weizhou_filght/Obj/misc.o
 .debug_pubnames
                0x0000000000001620      0x113 Output/STM32_FK weizhou_filght/Obj/stm32f10x_dma.o
 .debug_pubnames
                0x0000000000001733      0x2ae Output/STM32_FK weizhou_filght/Obj/stm32f10x_gpio.o
 .debug_pubnames
                0x00000000000019e1      0x32a Output/STM32_FK weizhou_filght/Obj/stm32f10x_rcc.o
 .debug_pubnames
                0x0000000000001d0b      0x815 Output/STM32_FK weizhou_filght/Obj/stm32f10x_tim.o
 .debug_pubnames
                0x0000000000002520      0x2bd Output/STM32_FK weizhou_filght/Obj/stm32f10x_usart.o

.debug_pubtypes
                0x0000000000000000     0x1d77
 .debug_pubtypes
                0x0000000000000000      0x26b Output/STM32_FK weizhou_filght/Obj/INIT.o
 .debug_pubtypes
                0x000000000000026b      0x123 Output/STM32_FK weizhou_filght/Obj/LED.o
 .debug_pubtypes
                0x000000000000038e      0x1e6 Output/STM32_FK weizhou_filght/Obj/ADXL345.o
 .debug_pubtypes
                0x0000000000000574       0xfc Output/STM32_FK weizhou_filght/Obj/L3G4200.o
 .debug_pubtypes
                0x0000000000000670      0x15a Output/STM32_FK weizhou_filght/Obj/IIC.o
 .debug_pubtypes
                0x00000000000007ca      0x215 Output/STM32_FK weizhou_filght/Obj/IMU.o
 .debug_pubtypes
                0x00000000000009df      0x11c Output/STM32_FK weizhou_filght/Obj/SendData.o
 .debug_pubtypes
                0x0000000000000afb      0x120 Output/STM32_FK weizhou_filght/Obj/DMA.o
 .debug_pubtypes
                0x0000000000000c1b      0x1f4 Output/STM32_FK weizhou_filght/Obj/HMC5883.o
 .debug_pubtypes
                0x0000000000000e0f      0x21d Output/STM32_FK weizhou_filght/Obj/main.o
 .debug_pubtypes
                0x000000000000102c       0xc5 Output/STM32_FK weizhou_filght/Obj/stm32f10x_it.o
 .debug_pubtypes
                0x00000000000010f1      0x10d Output/STM32_FK weizhou_filght/Obj/system_stm32f10x.o
 .debug_pubtypes
                0x00000000000011fe      0x106 Output/STM32_FK weizhou_filght/Obj/delay.o
 .debug_pubtypes
                0x0000000000001304      0x275 Output/STM32_FK weizhou_filght/Obj/usart.o
 .debug_pubtypes
                0x0000000000001579      0x126 Output/STM32_FK weizhou_filght/Obj/misc.o
 .debug_pubtypes
                0x000000000000169f      0x13e Output/STM32_FK weizhou_filght/Obj/stm32f10x_dma.o
 .debug_pubtypes
                0x00000000000017dd      0x169 Output/STM32_FK weizhou_filght/Obj/stm32f10x_gpio.o
 .debug_pubtypes
                0x0000000000001946      0x144 Output/STM32_FK weizhou_filght/Obj/stm32f10x_rcc.o
 .debug_pubtypes
                0x0000000000001a8a      0x17e Output/STM32_FK weizhou_filght/Obj/stm32f10x_tim.o
 .debug_pubtypes
                0x0000000000001c08      0x16f Output/STM32_FK weizhou_filght/Obj/stm32f10x_usart.o

.debug_str      0x0000000000000000     0x30f6
 .debug_str     0x0000000000000000      0xd74 Output/STM32_FK weizhou_filght/Obj/INIT.o
                                        0xe90 (size before relaxing)
 .debug_str     0x0000000000000d74      0x173 Output/STM32_FK weizhou_filght/Obj/LED.o
                                        0x37e (size before relaxing)
 .debug_str     0x0000000000000ee7       0x80 Output/STM32_FK weizhou_filght/Obj/ADXL345.o
                                        0x7a7 (size before relaxing)
 .debug_str     0x0000000000000f67       0x78 Output/STM32_FK weizhou_filght/Obj/L3G4200.o
                                        0x2ac (size before relaxing)
 .debug_str     0x0000000000000fdf      0x150 Output/STM32_FK weizhou_filght/Obj/IIC.o
                                        0x4a2 (size before relaxing)
 .debug_str     0x000000000000112f      0x1d0 Output/STM32_FK weizhou_filght/Obj/IMU.o
                                        0x9f5 (size before relaxing)
 .debug_str     0x00000000000012ff       0xb0 Output/STM32_FK weizhou_filght/Obj/SendData.o
                                        0x331 (size before relaxing)
 .debug_str     0x00000000000013af      0x18b Output/STM32_FK weizhou_filght/Obj/DMA.o
                                        0x3ec (size before relaxing)
 .debug_str     0x000000000000153a       0x7c Output/STM32_FK weizhou_filght/Obj/HMC5883.o
                                        0x7d0 (size before relaxing)
 .debug_str     0x00000000000015b6       0x50 Output/STM32_FK weizhou_filght/Obj/main.o
                                        0x991 (size before relaxing)
 .debug_str     0x0000000000001606       0xd3 Output/STM32_FK weizhou_filght/Obj/stm32f10x_it.o
                                        0x2bd (size before relaxing)
 .debug_str     0x00000000000016d9      0x166 Output/STM32_FK weizhou_filght/Obj/system_stm32f10x.o
                                        0x384 (size before relaxing)
 .debug_str     0x000000000000183f       0x92 Output/STM32_FK weizhou_filght/Obj/delay.o
                                        0x292 (size before relaxing)
 .debug_str     0x00000000000018d1      0x10c Output/STM32_FK weizhou_filght/Obj/usart.o
                                        0xddb (size before relaxing)
 .debug_str     0x00000000000019dd      0x14e Output/STM32_FK weizhou_filght/Obj/misc.o
                                        0x47a (size before relaxing)
 .debug_str     0x0000000000001b2b      0x160 Output/STM32_FK weizhou_filght/Obj/stm32f10x_dma.o
                                        0x472 (size before relaxing)
 .debug_str     0x0000000000001c8b      0x24b Output/STM32_FK weizhou_filght/Obj/stm32f10x_gpio.o
                                        0x5ca (size before relaxing)
 .debug_str     0x0000000000001ed6      0x3f8 Output/STM32_FK weizhou_filght/Obj/stm32f10x_rcc.o
                                        0x6cb (size before relaxing)
 .debug_str     0x00000000000022ce      0xa6f Output/STM32_FK weizhou_filght/Obj/stm32f10x_tim.o
                                        0xe8e (size before relaxing)
 .debug_str     0x0000000000002d3d      0x3b9 Output/STM32_FK weizhou_filght/Obj/stm32f10x_usart.o
                                        0x741 (size before relaxing)
