Product: MDK-ARM Lite 5.10
Component: ARM Compiler 5.04 update 1 (build 49)
Tool: armlink [5040049]

==============================================================================

Section Cross References

    init.o(.text) refers to l3g4200.o(.text) for Read_L3G4200D
    init.o(.text) refers to adxl345.o(.text) for Read_ADXL345
    init.o(.text) refers to hmc5883.o(.text) for Read_HMC5883
    init.o(.text) refers to stm32f10x_rcc.o(.text) for RCC_APB1PeriphClockCmd
    init.o(.text) refers to stm32f10x_tim.o(.text) for TIM_TimeBaseInit
    init.o(.text) refers to misc.o(.text) for NVIC_Init
    init.o(.text) refers to imu.o(.text) for Prepare_Data
    init.o(.text) refers to fflt_clz.o(x$fpl$fflt) for __aeabi_i2f
    init.o(.text) refers to usart.o(.text) for uart_init
    init.o(.text) refers to delay.o(.text) for Delay_Init
    init.o(.text) refers to led.o(.text) for LED_Init
    init.o(.text) refers to iic.o(.text) for I2C_IO_Init
    init.o(.text) refers to l3g4200.o(.data) for L3G4200_GYRO_LAST
    init.o(.text) refers to adxl345.o(.data) for ADXL345_ACC_LAST
    init.o(.text) refers to init.o(.data) for HMC_TIME
    init.o(.text) refers to hmc5883.o(.data) for HMC5883_LAST
    led.o(.text) refers to stm32f10x_rcc.o(.text) for RCC_APB2PeriphClockCmd
    led.o(.text) refers to stm32f10x_gpio.o(.text) for GPIO_Init
    adxl345.o(.text) refers to iic.o(.text) for Single_Write
    adxl345.o(.text) refers to delay.o(.text) for delay_ms
    l3g4200.o(.text) refers to iic.o(.text) for Single_Write
    l3g4200.o(.text) refers to delay.o(.text) for delay_ms
    iic.o(.text) refers to stm32f10x_rcc.o(.text) for RCC_APB2PeriphClockCmd
    iic.o(.text) refers to stm32f10x_gpio.o(.text) for GPIO_Init
    imu.o(.text) refers to l3g4200.o(.text) for Read_L3G4200D
    imu.o(.text) refers to fmul.o(x$fpl$fmul) for __aeabi_fmul
    imu.o(.text) refers to faddsub_clz.o(x$fpl$frsb) for __aeabi_frsub
    imu.o(.text) refers to fflt_clz.o(x$fpl$fflt) for __aeabi_i2f
    imu.o(.text) refers to f2d.o(x$fpl$f2d) for __aeabi_f2d
    imu.o(.text) refers to dmul.o(x$fpl$dmul) for __aeabi_dmul
    imu.o(.text) refers to d2f.o(x$fpl$d2f) for __aeabi_d2f
    imu.o(.text) refers to faddsub_clz.o(x$fpl$fsub) for __aeabi_fsub
    imu.o(.text) refers to faddsub_clz.o(x$fpl$fadd) for __aeabi_fadd
    imu.o(.text) refers to fdiv.o(x$fpl$fdiv) for __aeabi_fdiv
    imu.o(.text) refers to l3g4200.o(.data) for L3G4200_GYRO_LAST
    imu.o(.text) refers to imu.o(.data) for q_bias
    imu.o(.text) refers to imu.o(.bss) for Q_ANGLE
    imu.o(.text) refers to dflt_clz.o(x$fpl$dflt) for __aeabi_i2d
    imu.o(.text) refers to daddsub_clz.o(x$fpl$dadd) for __aeabi_dadd
    imu.o(.text) refers to dfix.o(x$fpl$dfix) for __aeabi_d2iz
    imu.o(.text) refers to frleqf.o(x$fpl$frleqf) for __aeabi_cfrcmple
    imu.o(.text) refers to feqf.o(x$fpl$feqf) for __aeabi_cfcmpeq
    imu.o(.text) refers to sqrt.o(i.sqrt) for sqrt
    imu.o(.text) refers to adxl345.o(.data) for ADXL345_ACC_LAST
    imu.o(.text) refers to asin.o(i.asin) for asin
    imu.o(.text) refers to atan2.o(i.atan2) for atan2
    imu.o(.text) refers to init.o(.data) for HMC_TIME
    imu.o(.text) refers to daddsub_clz.o(x$fpl$dsub) for __aeabi_dsub
    imu.o(.text) refers to dleqf.o(x$fpl$dleqf) for __aeabi_cdcmple
    imu.o(.text) refers to drleqf.o(x$fpl$drleqf) for __aeabi_cdrcmple
    senddata.o(.text) refers to dma.o(.text) for DMA1_USART1_SEND
    senddata.o(.text) refers to stm32f10x_usart.o(.text) for USART_SendData
    senddata.o(.text) refers to senddata.o(.bss) for buf
    senddata.o(.text) refers to senddata.o(.data) for ctemp
    dma.o(.text) refers to stm32f10x_rcc.o(.text) for RCC_AHBPeriphClockCmd
    dma.o(.text) refers to stm32f10x_dma.o(.text) for DMA_DeInit
    dma.o(.text) refers to stm32f10x_usart.o(.text) for USART_DMACmd
    dma.o(.text) refers to dma.o(.data) for DMA1_MEM_LEN
    dma.o(.text) refers to dma.o(.bss) for DMA_InitStructure
    hmc5883.o(.text) refers to _printf_pad.o(.text) for _printf_pre_padding
    hmc5883.o(.text) refers to _printf_percent.o(.ARM.Collect$$_printf_percent$$00000000) for _printf_percent
    hmc5883.o(.text) refers to _printf_d.o(.ARM.Collect$$_printf_percent$$00000009) for _printf_d
    hmc5883.o(.text) refers to _printf_dec.o(.text) for _printf_int_dec
    hmc5883.o(.text) refers to iic.o(.text) for Single_Write
    hmc5883.o(.text) refers to dflt_clz.o(x$fpl$dflt) for __aeabi_i2d
    hmc5883.o(.text) refers to atan2.o(i.atan2) for atan2
    hmc5883.o(.text) refers to dmul.o(x$fpl$dmul) for __aeabi_dmul
    hmc5883.o(.text) refers to daddsub_clz.o(x$fpl$dadd) for __aeabi_dadd
    hmc5883.o(.text) refers to d2f.o(x$fpl$d2f) for __aeabi_d2f
    hmc5883.o(.text) refers to ffixu.o(x$fpl$ffixu) for __aeabi_f2uiz
    hmc5883.o(.text) refers to noretval__2printf.o(.text) for __2printf
    main.o(.text) refers to init.o(.text) for ALL_INIT
    main.o(.text) refers to delay.o(.text) for delay_ms
[...]
    .ARM.Collect$$libinit$$0000001B          0x080001b0   Section        0  libinit2.o(.ARM.Collect$$libinit$$0000001B)
    .ARM.Collect$$libinit$$0000001D          0x080001b0   Section        0  libinit2.o(.ARM.Collect$$libinit$$0000001D)
    .ARM.Collect$$libinit$$0000001F          0x080001b0   Section        0  libinit2.o(.ARM.Collect$$libinit$$0000001F)
    .ARM.Collect$$libinit$$00000021          0x080001b0   Section        0  libinit2.o(.ARM.Collect$$libinit$$00000021)
    .ARM.Collect$$libinit$$00000023          0x080001b0   Section        0  libinit2.o(.ARM.Collect$$libinit$$00000023)
    .ARM.Collect$$libinit$$0000002A          0x080001b0   Section        0  libinit2.o(.ARM.Collect$$libinit$$0000002A)
    .ARM.Collect$$libinit$$0000002C          0x080001b0   Section        0  libinit2.o(.ARM.Collect$$libinit$$0000002C)
    .ARM.Collect$$libinit$$0000002E          0x080001b0   Section        0  libinit2.o(.ARM.Collect$$libinit$$0000002E)
    .ARM.Collect$$libinit$$00000030          0x080001b0   Section        0  libinit2.o(.ARM.Collect$$libinit$$00000030)
    .ARM.Collect$$libinit$$00000031          0x080001b0   Section        2  libinit2.o(.ARM.Collect$$libinit$$00000031)
    .ARM.Collect$$libshutdown$$00000000      0x080001b2   Section        2  libshutdown.o(.ARM.Collect$$libshutdown$$00000000)
    .ARM.Collect$$libshutdown$$00000003      0x080001b4   Section        0  libshutdown2.o(.ARM.Collect$$libshutdown$$00000003)
    .ARM.Collect$$libshutdown$$00000006      0x080001b4   Section        0  libshutdown2.o(.ARM.Collect$$libshutdown$$00000006)
    .ARM.Collect$$libshutdown$$00000009      0x080001b4   Section        0  libshutdown2.o(.ARM.Collect$$libshutdown$$00000009)
    .ARM.Collect$$libshutdown$$0000000B      0x080001b4   Section        0  libshutdown2.o(.ARM.Collect$$libshutdown$$0000000B)
    .ARM.Collect$$libshutdown$$0000000E      0x080001b4   Section        0  libshutdown2.o(.ARM.Collect$$libshutdown$$0000000E)
    .ARM.Collect$$libshutdown$$0000000F      0x080001b4   Section        2  libshutdown2.o(.ARM.Collect$$libshutdown$$0000000F)
    .ARM.Collect$$rtentry$$00000000          0x080001b6   Section        0  rtentry.o(.ARM.Collect$$rtentry$$00000000)
    .ARM.Collect$$rtentry$$00000002          0x080001b6   Section        0  rtentry2.o(.ARM.Collect$$rtentry$$00000002)
    .ARM.Collect$$rtentry$$00000004          0x080001b6   Section        6  rtentry4.o(.ARM.Collect$$rtentry$$00000004)
    .ARM.Collect$$rtentry$$00000009          0x080001bc   Section        0  rtentry2.o(.ARM.Collect$$rtentry$$00000009)
    .ARM.Collect$$rtentry$$0000000A          0x080001bc   Section        4  rtentry2.o(.ARM.Collect$$rtentry$$0000000A)
    .ARM.Collect$$rtentry$$0000000C          0x080001c0   Section        0  rtentry2.o(.ARM.Collect$$rtentry$$0000000C)
    .ARM.Collect$$rtentry$$0000000D          0x080001c0   Section        8  rtentry2.o(.ARM.Collect$$rtentry$$0000000D)
    .ARM.Collect$$rtexit$$00000000           0x080001c8   Section        2  rtexit.o(.ARM.Collect$$rtexit$$00000000)
    .ARM.Collect$$rtexit$$00000002           0x080001ca   Section        0  rtexit2.o(.ARM.Collect$$rtexit$$00000002)
    .ARM.Collect$$rtexit$$00000003           0x080001ca   Section        4  rtexit2.o(.ARM.Collect$$rtexit$$00000003)
    .ARM.Collect$$rtexit$$00000004           0x080001ce   Section        6  rtexit2.o(.ARM.Collect$$rtexit$$00000004)
    .text                                    0x080001d4   Section        0  init.o(.text)
    .text                                    0x080003b0   Section        0  led.o(.text)
    .text                                    0x080003e8   Section        0  adxl345.o(.text)
    .text                                    0x080004a0   Section        0  l3g4200.o(.text)
    .text                                    0x08000548   Section        0  iic.o(.text)
    .text                                    0x08000910   Section        0  imu.o(.text)
    .text                                    0x08001958   Section        0  senddata.o(.text)
    .text                                    0x08002178   Section        0  dma.o(.text)
    .text                                    0x08002238   Section        0  hmc5883.o(.text)
    .text                                    0x0800236c   Section        0  main.o(.text)
    .text                                    0x08002524   Section        0  stm32f10x_it.o(.text)
    .text                                    0x08002540   Section        0  system_stm32f10x.o(.text)
    SetSysClockTo72                          0x08002541   Thumb Code   214  system_stm32f10x.o(.text)
    SetSysClock                              0x08002617   Thumb Code     8  system_stm32f10x.o(.text)
    .text                                    0x08002720   Section        0  delay.o(.text)
    .text                                    0x080027f4   Section        0  usart.o(.text)
    .text                                    0x08002934   Section        0  misc.o(.text)
    .text                                    0x08002a10   Section        0  stm32f10x_dma.o(.text)
    .text                                    0x08002c64   Section        0  stm32f10x_gpio.o(.text)
    .text                                    0x08002fc0   Section        0  stm32f10x_rcc.o(.text)
    .text                                    0x08003364   Section        0  stm32f10x_tim.o(.text)
    TI4_Config                               0x0800380b   Thumb Code   130  stm32f10x_tim.o(.text)
    TI3_Config                               0x0800389f   Thumb Code   122  stm32f10x_tim.o(.text)
    TI2_Config                               0x08003933   Thumb Code   130  stm32f10x_tim.o(.text)
    TI1_Config                               0x080039c7   Thumb Code   108  stm32f10x_tim.o(.text)
    .text                                    0x08004180   Section        0  stm32f10x_usart.o(.text)
    .text                                    0x0800459c   Section       64  startup_stm32f10x_hd.o(.text)
    .text                                    0x080045dc   Section        2  use_no_semi_2.o(.text)
    .text                                    0x080045e0   Section        0  noretval__2printf.o(.text)
    .text                                    0x080045f8   Section        0  _printf_pad.o(.text)
    .text                                    0x08004648   Section        0  _printf_dec.o(.text)
    .text                                    0x080046bc   Section        0  __printf_wp.o(.text)
    .text                                    0x080047ca   Section        0  heapauxi.o(.text)
    .text                                    0x080047d0   Section        2  use_no_semi.o(.text)
    .text                                    0x080047d2   Section        0  _rserrno.o(.text)
    .text                                    0x080047e8   Section        0  _printf_intcommon.o(.text)
    .text                                    0x0800489c   Section        0  _printf_char_file.o(.text)
    .text                                    0x080048c0   Section        8  rt_errno_addr_intlibspace.o(.text)
    .text                                    0x080048c8   Section        0  _printf_char_common.o(.text)
    _printf_input_char                       0x080048c9   Thumb Code    10  _printf_char_common.o(.text)
    .text                                    0x080048f8   Section        0  ferror.o(.text)
    .text                                    0x08004900   Section        8  libspace.o(.text)
    .text                                    0x08004908   Section       74  sys_stackheap_outer.o(.text)
    .text                                    0x08004952   Section        0  exit.o(.text)
    i.__ARM_fpclassify                       0x0800495e   Section        0  fpclassify.o(i.__ARM_fpclassify)
    i.__kernel_poly                          0x08004986   Section        0  poly.o(i.__kernel_poly)
    i.__mathlib_dbl_underflow                0x08004a30   Section        0  dunder.o(i.__mathlib_dbl_underflow)
    i._is_digit                              0x08004a40   Section        0  __printf_wp.o(i._is_digit)
    i.asin                                   0x08004a50   Section        0  asin.o(i.asin)
    i.atan                                   0x08004ccc   Section        0  atan.o(i.atan)
    i.atan2                                  0x08004ef0   Section        0  atan2.o(i.atan2)
    i.sqrt                                   0x08005070   Section        0  sqrt.o(i.sqrt)
    x$fpl$d2f                                0x080050bc   Section       98  d2f.o(x$fpl$d2f)
    x$fpl$dadd                               0x08005120   Section      336  daddsub_clz.o(x$fpl$dadd)
    _dadd1                                   0x08005131   Thumb Code     0  daddsub_clz.o(x$fpl$dadd)
    x$fpl$dcheck1                            0x08005270   Section       16  dcheck1.o(x$fpl$dcheck1)
    x$fpl$dcmpinf                            0x08005280   Section       24  dcmpi.o(x$fpl$dcmpinf)
    x$fpl$ddiv                               0x08005298   Section      688  ddiv.o(x$fpl$ddiv)
    ddiv_entry                               0x0800529f   Thumb Code     0  ddiv.o(x$fpl$ddiv)
    x$fpl$dfix                               0x08005548   Section       94  dfix.o(x$fpl$dfix)
    x$fpl$dflt                               0x080055a6   Section       46  dflt_clz.o(x$fpl$dflt)
    x$fpl$dleqf                              0x080055d4   Section      120  dleqf.o(x$fpl$dleqf)
    x$fpl$dmul                               0x0800564c   Section      340  dmul.o(x$fpl$dmul)
    x$fpl$dnaninf                            0x080057a0   Section      156  dnaninf.o(x$fpl$dnaninf)
    x$fpl$dretinf                            0x0800583c   Section       12  dretinf.o(x$fpl$dretinf)
    x$fpl$drleqf                             0x08005848   Section      108  drleqf.o(x$fpl$drleqf)
    x$fpl$drsb                               0x080058b4   Section       22  daddsub_clz.o(x$fpl$drsb)
    x$fpl$dsqrt                              0x080058cc   Section      460  dsqrt_noumaal.o(x$fpl$dsqrt)
    x$fpl$dsub                               0x08005a98   Section      468  daddsub_clz.o(x$fpl$dsub)
    _dsub1                                   0x08005aa9   Thumb Code     0  daddsub_clz.o(x$fpl$dsub)
    x$fpl$f2d                                0x08005c6c   Section       86  f2d.o(x$fpl$f2d)
    x$fpl$fadd                               0x08005cc4   Section      196  faddsub_clz.o(x$fpl$fadd)
    _fadd1                                   0x08005cd3   Thumb Code     0  faddsub_clz.o(x$fpl$fadd)
    x$fpl$fcmpinf                            0x08005d88   Section       24  fcmpi.o(x$fpl$fcmpinf)
    x$fpl$fdiv                               0x08005da0   Section      388  fdiv.o(x$fpl$fdiv)
    _fdiv1                                   0x08005da1   Thumb Code     0  fdiv.o(x$fpl$fdiv)
    x$fpl$feqf                               0x08005f24   Section      104  feqf.o(x$fpl$feqf)
    x$fpl$ffix                               0x08005f8c   Section       54  ffix.o(x$fpl$ffix)
    x$fpl$ffixu                              0x08005fc4   Section       62  ffixu.o(x$fpl$ffixu)
    x$fpl$fflt                               0x08006004   Section       48  fflt_clz.o(x$fpl$fflt)
    x$fpl$fleqf                              0x08006034   Section      104  fleqf.o(x$fpl$fleqf)
    x$fpl$fmul                               0x0800609c   Section      258  fmul.o(x$fpl$fmul)
    x$fpl$fnaninf                            0x0800619e   Section      140  fnaninf.o(x$fpl$fnaninf)
    x$fpl$fretinf                            0x0800622a   Section       10  fretinf.o(x$fpl$fretinf)
    x$fpl$frleqf                             0x08006234   Section       98  frleqf.o(x$fpl$frleqf)
    x$fpl$frsb                               0x08006296   Section       20  faddsub_clz.o(x$fpl$frsb)
    x$fpl$fsub                               0x080062ac   Section      234  faddsub_clz.o(x$fpl$fsub)
    _fsub1                                   0x080062bb   Thumb Code     0  faddsub_clz.o(x$fpl$fsub)
    x$fpl$retnan                             0x08006396   Section      100  retnan.o(x$fpl$retnan)
    x$fpl$scalbn                             0x080063fa   Section       92  scalbn.o(x$fpl$scalbn)
    x$fpl$trapveneer                         0x08006456   Section       48  trapv.o(x$fpl$trapveneer)
    x$fpl$usenofp                            0x08006486   Section        0  usenofp.o(x$fpl$usenofp)
    .constdata                               0x08006488   Section       80  asin.o(.constdata)
    pS                                       0x08006488   Data          48  asin.o(.constdata)
    qS                                       0x080064b8   Data          32  asin.o(.constdata)
    .constdata                               0x080064d8   Section      152  atan.o(.constdata)
    atanhi                                   0x080064d8   Data          32  atan.o(.constdata)
    atanlo                                   0x080064f8   Data          32  atan.o(.constdata)
    aTodd                                    0x08006518   Data          40  atan.o(.constdata)
    aTeven                                   0x08006540   Data          48  atan.o(.constdata)
    .constdata                               0x08006570   Section        8  qnan.o(.constdata)
    .data                                    0x20000000   Section        9  init.o(.data)
    .data                                    0x2000000a   Section       24  adxl345.o(.data)
    .data                                    0x20000022   Section       24  l3g4200.o(.data)
    .data                                    0x20000040   Section      113  imu.o(.data)
    angle                                    0x20000078   Data           4  imu.o(.data)
    q_bias                                   0x2000007c   Data           4  imu.o(.data)
    P                                        0x20000080   Data          16  imu.o(.data)
    x1                                       0x20000090   Data           4  imu.o(.data)
    y1                                       0x20000094   Data           4  imu.o(.data)
    z1                                       0x20000098   Data           4  imu.o(.data)
    x2                                       0x2000009c   Data           4  imu.o(.data)
    y2                                       0x200000a0   Data           4  imu.o(.data)
    z2                                       0x200000a4   Data           4  imu.o(.data)
    roll_a                                   0x200000a8   Data           4  imu.o(.data)
    pitch_a                                  0x200000ac   Data           4  imu.o(.data)
    filter_cnt                               0x200000b0   Data           1  imu.o(.data)
    .data                                    0x200000b1   Section        4  senddata.o(.data)
    ctemp                                    0x200000b1   Data           1  senddata.o(.data)
    ctemp                                    0x200000b2   Data           1  senddata.o(.data)
    ctemp                                    0x200000b3   Data           1  senddata.o(.data)
    ctemp                                    0x200000b4   Data           1  senddata.o(.data)
    .data                                    0x200000b6   Section        2  dma.o(.data)
    .data                                    0x200000b8   Section        6  hmc5883.o(.data)
    .data                                    0x200000c0   Section       20  system_stm32f10x.o(.data)
    .data                                    0x200000d4   Section        4  delay.o(.data)
    fac_us                                   0x200000d4   Data           1  delay.o(.data)
    fac_ms                                   0x200000d6   Data           2  delay.o(.data)
    .data                                    0x200000d8   Section        6  usart.o(.data)
    .data                                    0x200000de   Section       20  stm32f10x_rcc.o(.data)
    APBAHBPrescTable                         0x200000de   Data          16  stm32f10x_rcc.o(.data)
    ADCPrescTable                            0x200000ee   Data           4  stm32f10x_rcc.o(.data)
    .bss                                     0x200000f4   Section      252  imu.o(.bss)
    .bss                                     0x200001f0   Section       24  senddata.o(.bss)
    buf                                      0x200001f0   Data          24  senddata.o(.bss)
    .bss                                     0x20000208   Section       44  dma.o(.bss)
    .bss                                     0x20000234   Section      200  usart.o(.bss)
    .bss                                     0x200002fc   Section       96  libspace.o(.bss)
    HEAP                                     0x20000360   Section      512  startup_stm32f10x_hd.o(HEAP)
    Heap_Mem                                 0x20000360   Data         512  startup_stm32f10x_hd.o(HEAP)
    STACK                                    0x20000560   Section     1024  startup_stm32f10x_hd.o(STACK)
    Stack_Mem                                0x20000560   Data        1024  startup_stm32f10x_hd.o(STACK)
    __initial_sp                             0x20000960   Data           0  startup_stm32f10x_hd.o(STACK)

    Global Symbols

    Symbol Name                              Value     Ov Type        Size  Object(Section)

    BuildAttributes$$THM_ISAv4$P$D$K$B$S$PE$A:L22UL41UL21$X:L11$S22US41US21$IEEE1$IW$USESV6$~STKCKD$USESV7$~SHL$OTIME$ROPI$IEEEX$EBA8$UX$STANDARDLIB$REQ8$PRES8$EABIv2 0x00000000   Number         0  anon$$obj.o ABSOLUTE
    __ARM_use_no_argv                        0x00000000   Number         0  main.o ABSOLUTE
    _printf_flags                            0x00000000   Number         0  printf_stubs.o ABSOLUTE
    _printf_return_value                     0x00000000   Number         0  printf_stubs.o ABSOLUTE
    _printf_sizespec                         0x00000000   Number         0  printf_stubs.o ABSOLUTE
    _printf_widthprec                        0x00000000   Number         0  printf_stubs.o ABSOLUTE
    __ARM_exceptions_init                     - Undefined Weak Reference
    __alloca_initialize                       - Undefined Weak Reference
    __cpp_initialize__aeabi_                  - Undefined Weak Reference
    __cxa_finalize                            - Undefined Weak Reference
    __rt_locale                               - Undefined Weak Reference
    __sigvec_lookup                           - Undefined Weak Reference
    _atexit_init                              - Undefined Weak Reference
    _call_atexit_fns                          - Undefined Weak Reference
    _clock_init                               - Undefined Weak Reference
    _fp_trap_init                             - Undefined Weak Reference
    _fp_trap_shutdown                         - Undefined Weak Reference
    _get_lc_collate                           - Undefined Weak Reference
    _get_lc_ctype                             - Undefined Weak Reference
    _get_lc_monetary                          - Undefined Weak Reference
    _get_lc_numeric                           - Undefined Weak Reference
    _get_lc_time                              - Undefined Weak Reference
    _getenv_init                              - Undefined Weak Reference
    _handle_redirection                       - Undefined Weak Reference
    _init_alloc                               - Undefined Weak Reference
    _init_user_alloc                          - Undefined Weak Reference
    _initio                                   - Undefined Weak Reference
    _mutex_acquire                            - Undefined Weak Reference
    _mutex_release                            - Undefined Weak Reference
    _printf_truncate_signed                   - Undefined Weak Reference
    _printf_truncate_unsigned                 - Undefined Weak Reference
    _rand_init                                - Undefined Weak Reference
    _signal_finish                            - Undefined Weak Reference
    _signal_init                              - Undefined Weak Reference
    _terminate_alloc                          - Undefined Weak Reference
    _terminate_user_alloc                     - Undefined Weak Reference
    _terminateio                              - Undefined Weak Reference
    __Vectors_Size                           0x00000130   Number         0  startup_stm32f10x_hd.o ABSOLUTE
    __Vectors                                0x08000000   Data           4  startup_stm32f10x_hd.o(RESET)
    __Vectors_End                            0x08000130   Data           0  startup_stm32f10x_hd.o(RESET)
    __main                                   0x08000131   Thumb Code     8  __main.o(!!!main)
    __scatterload                            0x08000139   Thumb Code     0  __scatter.o(!!!scatter)
    __scatterload_rt2                        0x08000139   Thumb Code    44  __scatter.o(!!!scatter)
    __scatterload_rt2_thumb_only             0x08000139   Thumb Code     0  __scatter.o(!!!scatter)
    __scatterload_null                       0x08000147   Thumb Code     0  __scatter.o(!!!scatter)
    __scatterload_copy                       0x0800016d   Thumb Code    26  __scatter_copy.o(!!handler_copy)
    __scatterload_zeroinit                   0x08000189   Thumb Code    28  __scatter_zi.o(!!handler_zi)
    _printf_d                                0x080001a5   Thumb Code     0  _printf_d.o(.ARM.Collect$$_printf_percent$$00000009)
    _printf_percent                          0x080001a5   Thumb Code     0  _printf_percent.o(.ARM.Collect$$_printf_percent$$00000000)
    _printf_percent_end                      0x080001ab   Thumb Code     0  _printf_percent_end.o(.ARM.Collect$$_printf_percent$$00000017)
    __rt_lib_init                            0x080001af   Thumb Code     0  libinit.o(.ARM.Collect$$libinit$$00000000)
    __rt_lib_init_alloca_1                   0x080001b1   Thumb Code     0  libinit2.o(.ARM.Collect$$libinit$$0000002C)
    __rt_lib_init_argv_1                     0x080001b1   Thumb Code     0  libinit2.o(.ARM.Collect$$libinit$$0000002A)
    __rt_lib_init_atexit_1                   0x080001b1   Thumb Code     0  libinit2.o(.ARM.Collect$$libinit$$00000019)
    __rt_lib_init_clock_1                    0x080001b1   Thumb Code     0  libinit2.o(.ARM.Collect$$libinit$$0000001F)
    __rt_lib_init_cpp_1                      0x080001b1   Thumb Code     0  libinit2.o(.ARM.Collect$$libinit$$00000030)
    __rt_lib_init_exceptions_1               0x080001b1   Thumb Code     0  libinit2.o(.ARM.Collect$$libinit$$0000002E)
    __rt_lib_init_fp_1                       0x080001b1   Thumb Code     0  libinit2.o(.ARM.Collect$$libinit$$00000002)
    __rt_lib_init_fp_trap_1                  0x080001b1   Thumb Code     0  libinit2.o(.ARM.Collect$$libinit$$0000001D)
    __rt_lib_init_getenv_1                   0x080001b1   Thumb Code     0  libinit2.o(.ARM.Collect$$libinit$$00000021)
    __rt_lib_init_heap_1                     0x080001b1   Thumb Code     0  libinit2.o(.ARM.Collect$$libinit$$00000008)
    __rt_lib_init_lc_collate_1               0x080001b1   Thumb Code     0  libinit2.o(.ARM.Collect$$libinit$$0000000F)
    __rt_lib_init_lc_ctype_1                 0x080001b1   Thumb Code     0  libinit2.o(.ARM.Collect$$libinit$$00000011)
    __rt_lib_init_lc_monetary_1              0x080001b1   Thumb Code     0  libinit2.o(.ARM.Collect$$libinit$$00000013)
    __rt_lib_init_lc_numeric_1               0x080001b1   Thumb Code     0  libinit2.o(.ARM.Collect$$libinit$$00000015)
    __rt_lib_init_lc_time_1                  0x080001b1   Thumb Code     0  libinit2.o(.ARM.Collect$$libinit$$00000017)
    __rt_lib_init_rand_1                     0x080001b1   Thumb Code     0  libinit2.o(.ARM.Collect$$libinit$$0000000C)
    __rt_lib_init_return                     0x080001b1   Thumb Code     0  libinit2.o(.ARM.Collect$$libinit$$00000031)
    __rt_lib_init_signal_1                   0x080001b1   Thumb Code     0  libinit2.o(.ARM.Collect$$libinit$$0000001B)
    __rt_lib_init_stdio_1                    0x080001b1   Thumb Code     0  libinit2.o(.ARM.Collect$$libinit$$00000023)
    __rt_lib_init_user_alloc_1               0x080001b1   Thumb Code     0  libinit2.o(.ARM.Collect$$libinit$$0000000A)
    __rt_lib_shutdown                        0x080001b3   Thumb Code     0  libshutdown.o(.ARM.Collect$$libshutdown$$00000000)
    __rt_lib_shutdown_fp_trap_1              0x080001b5   Thumb Code     0  libshutdown2.o(.ARM.Collect$$libshutdown$$00000006)
    __rt_lib_shutdown_heap_1                 0x080001b5   Thumb Code     0  libshutdown2.o(.ARM.Collect$$libshutdown$$0000000E)
    __rt_lib_shutdown_return                 0x080001b5   Thumb Code     0  libshutdown2.o(.ARM.Collect$$libshutdown$$0000000F)
    __rt_lib_shutdown_signal_1               0x080001b5   Thumb Code     0  libshutdown2.o(.ARM.Collect$$libshutdown$$00000009)
    __rt_lib_shutdown_stdio_1                0x080001b5   Thumb Code     0  libshutdown2.o(.ARM.Collect$$libshutdown$$00000003)
    __rt_lib_shutdown_user_alloc_1           0x080001b5   Thumb Code     0  libshutdown2.o(.ARM.Collect$$libshutdown$$0000000B)
    __rt_entry                               0x080001b7   Thumb Code     0  rtentry.o(.ARM.Collect$$rtentry$$00000000)
    __rt_entry_presh_1                       0x080001b7   Thumb Code     0  rtentry2.o(.ARM.Collect$$rtentry$$00000002)
    __rt_entry_sh                            0x080001b7   Thumb Code     0  rtentry4.o(.ARM.Collect$$rtentry$$00000004)
    __rt_entry_li                            0x080001bd   Thumb Code     0  rtentry2.o(.ARM.Collect$$rtentry$$0000000A)
    __rt_entry_postsh_1                      0x080001bd   Thumb Code     0  rtentry2.o(.ARM.Collect$$rtentry$$00000009)
    __rt_entry_main                          0x080001c1   Thumb Code     0  rtentry2.o(.ARM.Collect$$rtentry$$0000000D)
    __rt_entry_postli_1                      0x080001c1   Thumb Code     0  rtentry2.o(.ARM.Collect$$rtentry$$0000000C)
    __rt_exit                                0x080001c9   Thumb Code     0  rtexit.o(.ARM.Collect$$rtexit$$00000000)
    __rt_exit_ls                             0x080001cb   Thumb Code     0  rtexit2.o(.ARM.Collect$$rtexit$$00000003)
    __rt_exit_prels_1                        0x080001cb   Thumb Code     0  rtexit2.o(.ARM.Collect$$rtexit$$00000002)
    __rt_exit_exit                           0x080001cf   Thumb Code     0  rtexit2.o(.ARM.Collect$$rtexit$$00000004)
    ReadData                                 0x080001d5   Thumb Code    58  init.o(.text)
    TIM5_Int_Init                            0x0800020f   Thumb Code    82  init.o(.text)
    TIM5_IRQHandler                          0x08000261   Thumb Code   218  init.o(.text)
    NVIV_Init                                0x0800033b   Thumb Code    12  init.o(.text)
    ALL_INIT                                 0x08000347   Thumb Code    62  init.o(.text)
    LED_Init                                 0x080003b1   Thumb Code    50  led.o(.text)
    ADXL345_Init                             0x080003e9   Thumb Code   138  adxl345.o(.text)
    Read_ADXL345                             0x08000473   Thumb Code    38  adxl345.o(.text)
    L3G4200_Init                             0x080004a1   Thumb Code   120  l3g4200.o(.text)
    Read_L3G4200D                            0x08000519   Thumb Code    38  l3g4200.o(.text)
    Delayms                                  0x08000549   Thumb Code    30  iic.o(.text)
    I2C_IO_Init                              0x08000567   Thumb Code   100  iic.o(.text)
    I2C_delay                                0x080005cb   Thumb Code    14  iic.o(.text)
    I2C_Start                                0x080005d9   Thumb Code    78  iic.o(.text)
    I2C_Stop                                 0x08000627   Thumb Code    52  iic.o(.text)
    I2C_Ack                                  0x0800065b   Thumb Code    52  iic.o(.text)
    I2C_NoAck                                0x0800068f   Thumb Code    52  iic.o(.text)
    I2C_WaitAck                              0x080006c3   Thumb Code    82  iic.o(.text)
    I2C_SendByte                             0x08000715   Thumb Code    84  iic.o(.text)
    I2C_RadeByte                             0x08000769   Thumb Code    82  iic.o(.text)
    Single_Write                             0x080007bb   Thumb Code    66  iic.o(.text)
    Fast_Write                               0x080007fd   Thumb Code    66  iic.o(.text)
    Single_Read                              0x0800083f   Thumb Code    80  iic.o(.text)
    Mult_Read                                0x0800088f   Thumb Code   122  iic.o(.text)
    Calculation_ACC_Offset                   0x08000911   Thumb Code    90  imu.o(.text)
    InvSqrt                                  0x0800096b   Thumb Code    72  imu.o(.text)
    number_to_dps                            0x080009b3   Thumb Code    42  imu.o(.text)
    number_to_dps1                           0x080009dd   Thumb Code    24  imu.o(.text)
    number_to_g                              0x080009f5   Thumb Code    44  imu.o(.text)
    Get_Accel_Angle                          0x08000a21   Thumb Code   136  imu.o(.text)
    kalmanUpdate                             0x08000aa9   Thumb Code   398  imu.o(.text)
    IMUupdate1                               0x08000c37   Thumb Code   492  imu.o(.text)
    IMU_AHRS                                 0x08000e23   Thumb Code   188  imu.o(.text)
    Prepare_Data                             0x08000edf   Thumb Code   440  imu.o(.text)
    IMUupdate                                0x08001097   Thumb Code  2198  imu.o(.text)
    SCI_DIS                                  0x08001959   Thumb Code   126  senddata.o(.text)
    DMA_UART1_ReportIMU                      0x080019d7   Thumb Code   370  senddata.o(.text)
    UART1_ReportIMU                          0x08001b49   Thumb Code   410  senddata.o(.text)
    UART1_ReportMotion                       0x08001ce3   Thumb Code   616  senddata.o(.text)
    DMA_UART1_ReportMotion                   0x08001f4b   Thumb Code   558  senddata.o(.text)
    MYDMA_Config                             0x08002179   Thumb Code    82  dma.o(.text)
    MYDMA_Enable                             0x080021cb   Thumb Code    36  dma.o(.text)
    DMA1_USART1_SEND                         0x080021ef   Thumb Code    58  dma.o(.text)
    HMC5883_Init                             0x08002239   Thumb Code    24  hmc5883.o(.text)
    Read_HMC5883                             0x08002251   Thumb Code    90  hmc5883.o(.text)
    HMC5883L_Printf                          0x080022ab   Thumb Code   136  hmc5883.o(.text)
    main                                     0x0800236d   Thumb Code   268  main.o(.text)
    NMI_Handler                              0x08002525   Thumb Code     2  stm32f10x_it.o(.text)
    HardFault_Handler                        0x08002527   Thumb Code     4  stm32f10x_it.o(.text)
    MemManage_Handler                        0x0800252b   Thumb Code     4  stm32f10x_it.o(.text)
    BusFault_Handler                         0x0800252f   Thumb Code     4  stm32f10x_it.o(.text)
    UsageFault_Handler                       0x08002533   Thumb Code     4  stm32f10x_it.o(.text)
    SVC_Handler                              0x08002537   Thumb Code     2  stm32f10x_it.o(.text)
    DebugMon_Handler                         0x08002539   Thumb Code     2  stm32f10x_it.o(.text)
    PendSV_Handler                           0x0800253b   Thumb Code     2  stm32f10x_it.o(.text)
    SysTick_Handler                          0x0800253d   Thumb Code     2  stm32f10x_it.o(.text)
    SystemInit                               0x0800261f   Thumb Code    78  system_stm32f10x.o(.text)
    SystemCoreClockUpdate                    0x0800266d   Thumb Code   142  system_stm32f10x.o(.text)
    Delay_Init                               0x08002721   Thumb Code    50  delay.o(.text)
    delay_us                                 0x08002753   Thumb Code    72  delay.o(.text)
    delay_ms                                 0x0800279b   Thumb Code    72  delay.o(.text)
    _sys_exit                                0x080027f5   Thumb Code     6  usart.o(.text)
    fputc                                    0x080027fb   Thumb Code    24  usart.o(.text)
    uart_init                                0x08002813   Thumb Code   152  usart.o(.text)
    USART1_IRQHandler                        0x080028ab   Thumb Code   122  usart.o(.text)
    NVIC_PriorityGroupConfig                 0x08002935   Thumb Code    10  misc.o(.text)
    NVIC_Init                                0x0800293f   Thumb Code   100  misc.o(.text)
    NVIC_SetVectorTable                      0x080029a3   Thumb Code    14  misc.o(.text)
    NVIC_SystemLPConfig                      0x080029b1   Thumb Code    34  misc.o(.text)
    SysTick_CLKSourceConfig                  0x080029d3   Thumb Code    40  misc.o(.text)
    DMA_DeInit                               0x08002a11   Thumb Code   324  stm32f10x_dma.o(.text)
    DMA_Init                                 0x08002b55   Thumb Code    60  stm32f10x_dma.o(.text)
    DMA_StructInit                           0x08002b91   Thumb Code    26  stm32f10x_dma.o(.text)
    DMA_Cmd                                  0x08002bab   Thumb Code    24  stm32f10x_dma.o(.text)
    DMA_ITConfig                             0x08002bc3   Thumb Code    18  stm32f10x_dma.o(.text)
    DMA_SetCurrDataCounter                   0x08002bd5   Thumb Code     4  stm32f10x_dma.o(.text)
    DMA_GetCurrDataCounter                   0x08002bd9   Thumb Code     8  stm32f10x_dma.o(.text)
    DMA_GetFlagStatus                        0x08002be1   Thumb Code    40  stm32f10x_dma.o(.text)
    DMA_ClearFlag                            0x08002c09   Thumb Code    22  stm32f10x_dma.o(.text)
    DMA_GetITStatus                          0x08002c1f   Thumb Code    40  stm32f10x_dma.o(.text)
    DMA_ClearITPendingBit                    0x08002c47   Thumb Code    22  stm32f10x_dma.o(.text)
    GPIO_DeInit                              0x08002c65   Thumb Code   172  stm32f10x_gpio.o(.text)
    GPIO_AFIODeInit                          0x08002d11   Thumb Code    20  stm32f10x_gpio.o(.text)
    GPIO_Init                                0x08002d25   Thumb Code   278  stm32f10x_gpio.o(.text)
    GPIO_StructInit                          0x08002e3b   Thumb Code    16  stm32f10x_gpio.o(.text)
    GPIO_ReadInputDataBit                    0x08002e4b   Thumb Code    18  stm32f10x_gpio.o(.text)
    GPIO_ReadInputData                       0x08002e5d   Thumb Code     8  stm32f10x_gpio.o(.text)
    GPIO_ReadOutputDataBit                   0x08002e65   Thumb Code    18  stm32f10x_gpio.o(.text)
    GPIO_ReadOutputData                      0x08002e77   Thumb Code     8  stm32f10x_gpio.o(.text)
    GPIO_SetBits                             0x08002e7f   Thumb Code     4  stm32f10x_gpio.o(.text)
    GPIO_ResetBits                           0x08002e83   Thumb Code     4  stm32f10x_gpio.o(.text)
    GPIO_WriteBit                            0x08002e87   Thumb Code    10  stm32f10x_gpio.o(.text)
    GPIO_Write                               0x08002e91   Thumb Code     4  stm32f10x_gpio.o(.text)
    GPIO_PinLockConfig                       0x08002e95   Thumb Code    18  stm32f10x_gpio.o(.text)
    GPIO_EventOutputConfig                   0x08002ea7   Thumb Code    26  stm32f10x_gpio.o(.text)
    GPIO_EventOutputCmd                      0x08002ec1   Thumb Code     6  stm32f10x_gpio.o(.text)
    GPIO_PinRemapConfig                      0x08002ec7   Thumb Code   138  stm32f10x_gpio.o(.text)
    GPIO_EXTILineConfig                      0x08002f51   Thumb Code    66  stm32f10x_gpio.o(.text)
    GPIO_ETH_MediaInterfaceConfig            0x08002f93   Thumb Code     8  stm32f10x_gpio.o(.text)
    RCC_DeInit                               0x08002fc1   Thumb Code    64  stm32f10x_rcc.o(.text)
    RCC_HSEConfig                            0x08003001   Thumb Code    70  stm32f10x_rcc.o(.text)
    RCC_GetFlagStatus                        0x08003047   Thumb Code    56  stm32f10x_rcc.o(.text)
    RCC_WaitForHSEStartUp                    0x0800307f   Thumb Code    56  stm32f10x_rcc.o(.text)
    RCC_AdjustHSICalibrationValue            0x080030b7   Thumb Code    20  stm32f10x_rcc.o(.text)
    RCC_HSICmd                               0x080030cb   Thumb Code     6  stm32f10x_rcc.o(.text)
    RCC_PLLConfig                            0x080030d1   Thumb Code    24  stm32f10x_rcc.o(.text)
    RCC_PLLCmd                               0x080030e9   Thumb Code     6  stm32f10x_rcc.o(.text)
    RCC_SYSCLKConfig                         0x080030ef   Thumb Code    18  stm32f10x_rcc.o(.text)
    RCC_GetSYSCLKSource                      0x08003101   Thumb Code    10  stm32f10x_rcc.o(.text)
    RCC_HCLKConfig                           0x0800310b   Thumb Code    18  stm32f10x_rcc.o(.text)
    RCC_PCLK1Config                          0x0800311d   Thumb Code    18  stm32f10x_rcc.o(.text)
    RCC_PCLK2Config                          0x0800312f   Thumb Code    20  stm32f10x_rcc.o(.text)
    RCC_ITConfig                             0x08003143   Thumb Code    26  stm32f10x_rcc.o(.text)
    RCC_USBCLKConfig                         0x0800315d   Thumb Code     8  stm32f10x_rcc.o(.text)
    RCC_ADCCLKConfig                         0x08003165   Thumb Code    18  stm32f10x_rcc.o(.text)
    RCC_LSEConfig                            0x08003177   Thumb Code    50  stm32f10x_rcc.o(.text)
    RCC_LSICmd                               0x080031a9   Thumb Code     6  stm32f10x_rcc.o(.text)
    RCC_RTCCLKConfig                         0x080031af   Thumb Code    12  stm32f10x_rcc.o(.text)
    RCC_RTCCLKCmd                            0x080031bb   Thumb Code     8  stm32f10x_rcc.o(.text)
    RCC_GetClocksFreq                        0x080031c3   Thumb Code   192  stm32f10x_rcc.o(.text)
    RCC_AHBPeriphClockCmd                    0x08003283   Thumb Code    26  stm32f10x_rcc.o(.text)
    RCC_APB2PeriphClockCmd                   0x0800329d   Thumb Code    26  stm32f10x_rcc.o(.text)
    RCC_APB1PeriphClockCmd                   0x080032b7   Thumb Code    26  stm32f10x_rcc.o(.text)
    RCC_APB2PeriphResetCmd                   0x080032d1   Thumb Code    26  stm32f10x_rcc.o(.text)
    RCC_APB1PeriphResetCmd                   0x080032eb   Thumb Code    26  stm32f10x_rcc.o(.text)
    RCC_BackupResetCmd                       0x08003305   Thumb Code     8  stm32f10x_rcc.o(.text)
    RCC_ClockSecuritySystemCmd               0x0800330d   Thumb Code     6  stm32f10x_rcc.o(.text)
    RCC_MCOConfig                            0x08003313   Thumb Code     6  stm32f10x_rcc.o(.text)
    RCC_ClearFlag                            0x08003319   Thumb Code    14  stm32f10x_rcc.o(.text)
    RCC_GetITStatus                          0x08003327   Thumb Code    20  stm32f10x_rcc.o(.text)
    RCC_ClearITPendingBit                    0x0800333b   Thumb Code     6  stm32f10x_rcc.o(.text)
    TIM_DeInit                               0x08003365   Thumb Code   424  stm32f10x_tim.o(.text)
    TIM_TimeBaseInit                         0x0800350d   Thumb Code   122  stm32f10x_tim.o(.text)
    TIM_OC1Init                              0x08003587   Thumb Code   132  stm32f10x_tim.o(.text)
    TIM_OC2Init                              0x0800360b   Thumb Code   154  stm32f10x_tim.o(.text)
    TIM_OC3Init                              0x080036a5   Thumb Code   150  stm32f10x_tim.o(.text)
    TIM_OC4Init                              0x0800373b   Thumb Code   182  stm32f10x_tim.o(.text)
    TIM_SetIC4Prescaler                      0x080037f1   Thumb Code    26  stm32f10x_tim.o(.text)
    TIM_SetIC3Prescaler                      0x0800388d   Thumb Code    18  stm32f10x_tim.o(.text)
    TIM_SetIC2Prescaler                      0x08003919   Thumb Code    26  stm32f10x_tim.o(.text)
    TIM_SetIC1Prescaler                      0x080039b5   Thumb Code    18  stm32f10x_tim.o(.text)
    TIM_ICInit                               0x08003a33   Thumb Code   150  stm32f10x_tim.o(.text)
    TIM_PWMIConfig                           0x08003ac9   Thumb Code   124  stm32f10x_tim.o(.text)
    TIM_BDTRConfig                           0x08003b45   Thumb Code    32  stm32f10x_tim.o(.text)
    TIM_TimeBaseStructInit                   0x08003b65   Thumb Code    18  stm32f10x_tim.o(.text)
    TIM_OCStructInit                         0x08003b77   Thumb Code    20  stm32f10x_tim.o(.text)
    TIM_ICStructInit                         0x08003b8b   Thumb Code    18  stm32f10x_tim.o(.text)
    TIM_BDTRStructInit                       0x08003b9d   Thumb Code    40  stm32f10x_tim.o(.text)
    TIM_Cmd                                  0x08003bc5   Thumb Code    24  stm32f10x_tim.o(.text)
    TIM_CtrlPWMOutputs                       0x08003bdd   Thumb Code    30  stm32f10x_tim.o(.text)
    TIM_ITConfig                             0x08003bfb   Thumb Code    18  stm32f10x_tim.o(.text)
    TIM_GenerateEvent                        0x08003c0d   Thumb Code     4  stm32f10x_tim.o(.text)
    TIM_DMAConfig                            0x08003c11   Thumb Code    10  stm32f10x_tim.o(.text)
    TIM_DMACmd                               0x08003c1b   Thumb Code    18  stm32f10x_tim.o(.text)
    TIM_InternalClockConfig                  0x08003c2d   Thumb Code    12  stm32f10x_tim.o(.text)
    TIM_SelectInputTrigger                   0x08003c39   Thumb Code    18  stm32f10x_tim.o(.text)
    TIM_ITRxExternalClockConfig              0x08003c4b   Thumb Code    24  stm32f10x_tim.o(.text)
    TIM_TIxExternalClockConfig               0x08003c63   Thumb Code    62  stm32f10x_tim.o(.text)
    TIM_ETRConfig                            0x08003ca1   Thumb Code    28  stm32f10x_tim.o(.text)
    TIM_ETRClockMode1Config                  0x08003cbd   Thumb Code    54  stm32f10x_tim.o(.text)
    TIM_ETRClockMode2Config                  0x08003cf3   Thumb Code    32  stm32f10x_tim.o(.text)
    TIM_PrescalerConfig                      0x08003d13   Thumb Code     6  stm32f10x_tim.o(.text)
    TIM_CounterModeConfig                    0x08003d19   Thumb Code    18  stm32f10x_tim.o(.text)
    TIM_EncoderInterfaceConfig               0x08003d2b   Thumb Code    66  stm32f10x_tim.o(.text)
    TIM_ForcedOC1Config                      0x08003d6d   Thumb Code    18  stm32f10x_tim.o(.text)
    TIM_ForcedOC2Config                      0x08003d7f   Thumb Code    26  stm32f10x_tim.o(.text)
    TIM_ForcedOC3Config                      0x08003d99   Thumb Code    18  stm32f10x_tim.o(.text)
    TIM_ForcedOC4Config                      0x08003dab   Thumb Code    26  stm32f10x_tim.o(.text)
    TIM_ARRPreloadConfig                     0x08003dc5   Thumb Code    24  stm32f10x_tim.o(.text)
    TIM_SelectCOM                            0x08003ddd   Thumb Code    24  stm32f10x_tim.o(.text)
    TIM_SelectCCDMA                          0x08003df5   Thumb Code    24  stm32f10x_tim.o(.text)
    TIM_CCPreloadControl                     0x08003e0d   Thumb Code    24  stm32f10x_tim.o(.text)
    TIM_OC1PreloadConfig                     0x08003e25   Thumb Code    18  stm32f10x_tim.o(.text)
    TIM_OC2PreloadConfig                     0x08003e37   Thumb Code    26  stm32f10x_tim.o(.text)
    TIM_OC3PreloadConfig                     0x08003e51   Thumb Code    18  stm32f10x_tim.o(.text)
    TIM_OC4PreloadConfig                     0x08003e63   Thumb Code    26  stm32f10x_tim.o(.text)
    TIM_OC1FastConfig                        0x08003e7d   Thumb Code    18  stm32f10x_tim.o(.text)
    TIM_OC2FastConfig                        0x08003e8f   Thumb Code    26  stm32f10x_tim.o(.text)
    TIM_OC3FastConfig                        0x08003ea9   Thumb Code    18  stm32f10x_tim.o(.text)
    TIM_OC4FastConfig                        0x08003ebb   Thumb Code    26  stm32f10x_tim.o(.text)
    TIM_ClearOC1Ref                          0x08003ed5   Thumb Code    18  stm32f10x_tim.o(.text)
    TIM_ClearOC2Ref                          0x08003ee7   Thumb Code    24  stm32f10x_tim.o(.text)
    TIM_ClearOC3Ref                          0x08003eff   Thumb Code    18  stm32f10x_tim.o(.text)
    TIM_ClearOC4Ref                          0x08003f11   Thumb Code    24  stm32f10x_tim.o(.text)
    TIM_OC1PolarityConfig                    0x08003f29   Thumb Code    18  stm32f10x_tim.o(.text)
    TIM_OC1NPolarityConfig                   0x08003f3b   Thumb Code    18  stm32f10x_tim.o(.text)
    TIM_OC2PolarityConfig                    0x08003f4d   Thumb Code    26  stm32f10x_tim.o(.text)
    TIM_OC2NPolarityConfig                   0x08003f67   Thumb Code    26  stm32f10x_tim.o(.text)
    TIM_OC3PolarityConfig                    0x08003f81   Thumb Code    26  stm32f10x_tim.o(.text)
    TIM_OC3NPolarityConfig                   0x08003f9b   Thumb Code    26  stm32f10x_tim.o(.text)
    TIM_OC4PolarityConfig                    0x08003fb5   Thumb Code    26  stm32f10x_tim.o(.text)
    TIM_CCxCmd                               0x08003fcf   Thumb Code    30  stm32f10x_tim.o(.text)
    TIM_CCxNCmd                              0x08003fed   Thumb Code    30  stm32f10x_tim.o(.text)
    TIM_SelectOCxM                           0x0800400b   Thumb Code    82  stm32f10x_tim.o(.text)
    TIM_UpdateDisableConfig                  0x0800405d   Thumb Code    24  stm32f10x_tim.o(.text)
    TIM_UpdateRequestConfig                  0x08004075   Thumb Code    24  stm32f10x_tim.o(.text)
    TIM_SelectHallSensor                     0x0800408d   Thumb Code    24  stm32f10x_tim.o(.text)
    TIM_SelectOnePulseMode                   0x080040a5   Thumb Code    18  stm32f10x_tim.o(.text)
    TIM_SelectOutputTrigger                  0x080040b7   Thumb Code    18  stm32f10x_tim.o(.text)
    TIM_SelectSlaveMode                      0x080040c9   Thumb Code    18  stm32f10x_tim.o(.text)
    TIM_SelectMasterSlaveMode                0x080040db   Thumb Code    18  stm32f10x_tim.o(.text)
    TIM_SetCounter                           0x080040ed   Thumb Code     4  stm32f10x_tim.o(.text)
    TIM_SetAutoreload                        0x080040f1   Thumb Code     4  stm32f10x_tim.o(.text)
    TIM_SetCompare1                          0x080040f5   Thumb Code     4  stm32f10x_tim.o(.text)
    TIM_SetCompare2                          0x080040f9   Thumb Code     4  stm32f10x_tim.o(.text)
    TIM_SetCompare3                          0x080040fd   Thumb Code     4  stm32f10x_tim.o(.text)
    TIM_SetCompare4                          0x08004101   Thumb Code     6  stm32f10x_tim.o(.text)
    TIM_SetClockDivision                     0x08004107   Thumb Code    18  stm32f10x_tim.o(.text)
    TIM_GetCapture1                          0x08004119   Thumb Code     6  stm32f10x_tim.o(.text)
    TIM_GetCapture2                          0x0800411f   Thumb Code     6  stm32f10x_tim.o(.text)
    TIM_GetCapture3                          0x08004125   Thumb Code     6  stm32f10x_tim.o(.text)
    TIM_GetCapture4                          0x0800412b   Thumb Code     8  stm32f10x_tim.o(.text)
    TIM_GetCounter                           0x08004133   Thumb Code     6  stm32f10x_tim.o(.text)
    TIM_GetPrescaler                         0x08004139   Thumb Code     6  stm32f10x_tim.o(.text)
    TIM_GetFlagStatus                        0x0800413f   Thumb Code    18  stm32f10x_tim.o(.text)
    TIM_ClearFlag                            0x08004151   Thumb Code     6  stm32f10x_tim.o(.text)
    TIM_GetITStatus                          0x08004157   Thumb Code    34  stm32f10x_tim.o(.text)
    TIM_ClearITPendingBit                    0x08004179   Thumb Code     6  stm32f10x_tim.o(.text)
    USART_DeInit                             0x08004181   Thumb Code   134  stm32f10x_usart.o(.text)
    USART_Init                               0x08004207   Thumb Code   210  stm32f10x_usart.o(.text)
    USART_StructInit                         0x080042d9   Thumb Code    24  stm32f10x_usart.o(.text)
    USART_ClockInit                          0x080042f1   Thumb Code    34  stm32f10x_usart.o(.text)
    USART_ClockStructInit                    0x08004313   Thumb Code    12  stm32f10x_usart.o(.text)
    USART_Cmd                                0x0800431f   Thumb Code    24  stm32f10x_usart.o(.text)
    USART_ITConfig                           0x08004337   Thumb Code    74  stm32f10x_usart.o(.text)
    USART_DMACmd                             0x08004381   Thumb Code    18  stm32f10x_usart.o(.text)
    USART_SetAddress                         0x08004393   Thumb Code    18  stm32f10x_usart.o(.text)
    USART_WakeUpConfig                       0x080043a5   Thumb Code    18  stm32f10x_usart.o(.text)
    USART_ReceiverWakeUpCmd                  0x080043b7   Thumb Code    24  stm32f10x_usart.o(.text)
    USART_LINBreakDetectLengthConfig         0x080043cf   Thumb Code    18  stm32f10x_usart.o(.text)
    USART_LINCmd                             0x080043e1   Thumb Code    24  stm32f10x_usart.o(.text)
    USART_GetFlagStatus                      0x080043f9   Thumb Code    26  stm32f10x_usart.o(.text)
    USART_SendData                           0x08004413   Thumb Code    28  stm32f10x_usart.o(.text)
    USART_ReceiveData                        0x0800442f   Thumb Code    10  stm32f10x_usart.o(.text)
    USART_SendBreak                          0x08004439   Thumb Code    10  stm32f10x_usart.o(.text)
    USART_SetGuardTime                       0x08004443   Thumb Code    16  stm32f10x_usart.o(.text)
    USART_SetPrescaler                       0x08004453   Thumb Code    16  stm32f10x_usart.o(.text)
    USART_SmartCardCmd                       0x08004463   Thumb Code    24  stm32f10x_usart.o(.text)
    USART_SmartCardNACKCmd                   0x0800447b   Thumb Code    24  stm32f10x_usart.o(.text)
    USART_HalfDuplexCmd                      0x08004493   Thumb Code    24  stm32f10x_usart.o(.text)
    USART_OverSampling8Cmd                   0x080044ab   Thumb Code    22  stm32f10x_usart.o(.text)
    USART_OneBitMethodCmd                    0x080044c1   Thumb Code    24  stm32f10x_usart.o(.text)
    USART_IrDAConfig                         0x080044d9   Thumb Code    18  stm32f10x_usart.o(.text)
    USART_IrDACmd                            0x080044eb   Thumb Code    24  stm32f10x_usart.o(.text)
    USART_ClearFlag                          0x08004503   Thumb Code    18  stm32f10x_usart.o(.text)
    USART_GetITStatus                        0x08004515   Thumb Code   104  stm32f10x_usart.o(.text)
    USART_ClearITPendingBit                  0x0800457d   Thumb Code    30  stm32f10x_usart.o(.text)
    Reset_Handler                            0x0800459d   Thumb Code     8  startup_stm32f10x_hd.o(.text)
    ADC1_2_IRQHandler                        0x080045b7   Thumb Code     0  startup_stm32f10x_hd.o(.text)
    ADC3_IRQHandler                          0x080045b7   Thumb Code     0  startup_stm32f10x_hd.o(.text)
    CAN1_RX1_IRQHandler                      0x080045b7   Thumb Code     0  startup_stm32f10x_hd.o(.text)
    CAN1_SCE_IRQHandler                      0x080045b7   Thumb Code     0  startup_stm32f10x_hd.o(.text)
    DMA1_Channel1_IRQHandler                 0x080045b7   Thumb Code     0  startup_stm32f10x_hd.o(.text)
    DMA1_Channel2_IRQHandler                 0x080045b7   Thumb Code     0  startup_stm32f10x_hd.o(.text)
    DMA1_Channel3_IRQHandler                 0x080045b7   Thumb Code     0  startup_stm32f10x_hd.o(.text)
    DMA1_Channel4_IRQHandler                 0x080045b7   Thumb Code     0  startup_stm32f10x_hd.o(.text)
    DMA1_Channel5_IRQHandler                 0x080045b7   Thumb Code     0  startup_stm32f10x_hd.o(.text)
    DMA1_Channel6_IRQHandler                 0x080045b7   Thumb Code     0  startup_stm32f10x_hd.o(.text)
    DMA1_Channel7_IRQHandler                 0x080045b7   Thumb Code     0  startup_stm32f10x_hd.o(.text)
    DMA2_Channel1_IRQHandler                 0x080045b7   Thumb Code     0  startup_stm32f10x_hd.o(.text)
    DMA2_Channel2_IRQHandler                 0x080045b7   Thumb Code     0  startup_stm32f10x_hd.o(.text)
    DMA2_Channel3_IRQHandler                 0x080045b7   Thumb Code     0  startup_stm32f10x_hd.o(.text)
    DMA2_Channel4_5_IRQHandler               0x080045b7   Thumb Code     0  startup_stm32f10x_hd.o(.text)
    EXTI0_IRQHandler                         0x080045b7   Thumb Code     0  startup_stm32f10x_hd.o(.text)
    EXTI15_10_IRQHandler                     0x080045b7   Thumb Code     0  startup_stm32f10x_hd.o(.text)
    EXTI1_IRQHandler                         0x080045b7   Thumb Code     0  startup_stm32f10x_hd.o(.text)
    EXTI2_IRQHandler                         0x080045b7   Thumb Code     0  startup_stm32f10x_hd.o(.text)
    EXTI3_IRQHandler                         0x080045b7   Thumb Code     0  startup_stm32f10x_hd.o(.text)
    EXTI4_IRQHandler                         0x080045b7   Thumb Code     0  startup_stm32f10x_hd.o(.text)
    EXTI9_5_IRQHandler                       0x080045b7   Thumb Code     0  startup_stm32f10x_hd.o(.text)
    FLASH_IRQHandler                         0x080045b7   Thumb Code     0  startup_stm32f10x_hd.o(.text)
    FSMC_IRQHandler                          0x080045b7   Thumb Code     0  startup_stm32f10x_hd.o(.text)
    I2C1_ER_IRQHandler                       0x080045b7   Thumb Code     0  startup_stm32f10x_hd.o(.text)
    I2C1_EV_IRQHandler                       0x080045b7   Thumb Code     0  startup_stm32f10x_hd.o(.text)
    I2C2_ER_IRQHandler                       0x080045b7   Thumb Code     0  startup_stm32f10x_hd.o(.text)
    I2C2_EV_IRQHandler                       0x080045b7   Thumb Code     0  startup_stm32f10x_hd.o(.text)
    PVD_IRQHandler                           0x080045b7   Thumb Code     0  startup_stm32f10x_hd.o(.text)
    RCC_IRQHandler                           0x080045b7   Thumb Code     0  startup_stm32f10x_hd.o(.text)
    RTCAlarm_IRQHandler                      0x080045b7   Thumb Code     0  startup_stm32f10x_hd.o(.text)
    RTC_IRQHandler                           0x080045b7   Thumb Code     0  startup_stm32f10x_hd.o(.text)
    SDIO_IRQHandler                          0x080045b7   Thumb Code     0  startup_stm32f10x_hd.o(.text)
    SPI1_IRQHandler                          0x080045b7   Thumb Code     0  startup_stm32f10x_hd.o(.text)
    SPI2_IRQHandler                          0x080045b7   Thumb Code     0  startup_stm32f10x_hd.o(.text)
    SPI3_IRQHandler                          0x080045b7   Thumb Code     0  startup_stm32f10x_hd.o(.text)
    TAMPER_IRQHandler                        0x080045b7   Thumb Code     0  startup_stm32f10x_hd.o(.text)
    TIM1_BRK_IRQHandler                      0x080045b7   Thumb Code     0  startup_stm32f10x_hd.o(.text)
    TIM1_CC_IRQHandler                       0x080045b7   Thumb Code     0  startup_stm32f10x_hd.o(.text)
    TIM1_TRG_COM_IRQHandler                  0x080045b7   Thumb Code     0  startup_stm32f10x_hd.o(.text)
    TIM1_UP_IRQHandler                       0x080045b7   Thumb Code     0  startup_stm32f10x_hd.o(.text)
    TIM2_IRQHandler                          0x080045b7   Thumb Code     0  startup_stm32f10x_hd.o(.text)
    TIM3_IRQHandler                          0x080045b7   Thumb Code     0  startup_stm32f10x_hd.o(.text)
    TIM4_IRQHandler                          0x080045b7   Thumb Code     0  startup_stm32f10x_hd.o(.text)
    TIM6_IRQHandler                          0x080045b7   Thumb Code     0  startup_stm32f10x_hd.o(.text)
    TIM7_IRQHandler                          0x080045b7   Thumb Code     0  startup_stm32f10x_hd.o(.text)
    TIM8_BRK_IRQHandler                      0x080045b7   Thumb Code     0  startup_stm32f10x_hd.o(.text)
    TIM8_CC_IRQHandler                       0x080045b7   Thumb Code     0  startup_stm32f10x_hd.o(.text)
    TIM8_TRG_COM_IRQHandler                  0x080045b7   Thumb Code     0  startup_stm32f10x_hd.o(.text)
    TIM8_UP_IRQHandler                       0x080045b7   Thumb Code     0  startup_stm32f10x_hd.o(.text)
    UART4_IRQHandler                         0x080045b7   Thumb Code     0  startup_stm32f10x_hd.o(.text)
    UART5_IRQHandler                         0x080045b7   Thumb Code     0  startup_stm32f10x_hd.o(.text)
    USART2_IRQHandler                        0x080045b7   Thumb Code     0  startup_stm32f10x_hd.o(.text)
    USART3_IRQHandler                        0x080045b7   Thumb Code     0  startup_stm32f10x_hd.o(.text)
    USBWakeUp_IRQHandler                     0x080045b7   Thumb Code     0  startup_stm32f10x_hd.o(.text)
    USB_HP_CAN1_TX_IRQHandler                0x080045b7   Thumb Code     0  startup_stm32f10x_hd.o(.text)
    USB_LP_CAN1_RX0_IRQHandler               0x080045b7   Thumb Code     0  startup_stm32f10x_hd.o(.text)
    WWDG_IRQHandler                          0x080045b7   Thumb Code     0  startup_stm32f10x_hd.o(.text)
    __user_initial_stackheap                 0x080045b9   Thumb Code     0  startup_stm32f10x_hd.o(.text)
    __use_no_semihosting                     0x080045dd   Thumb Code     2  use_no_semi_2.o(.text)
    __2printf                                0x080045e1   Thumb Code    20  noretval__2printf.o(.text)
    _printf_pre_padding                      0x080045f9   Thumb Code    44  _printf_pad.o(.text)
    _printf_post_padding                     0x08004625   Thumb Code    34  _printf_pad.o(.text)
    _printf_int_dec                          0x08004649   Thumb Code   100  _printf_dec.o(.text)
    __printf                                 0x080046bd   Thumb Code   270  __printf_wp.o(.text)
    __use_two_region_memory                  0x080047cb   Thumb Code     2  heapauxi.o(.text)
    __rt_heap_escrow$2region                 0x080047cd   Thumb Code     2  heapauxi.o(.text)
    __rt_heap_expand$2region                 0x080047cf   Thumb Code     2  heapauxi.o(.text)
    __I$use$semihosting                      0x080047d1   Thumb Code     0  use_no_semi.o(.text)
    __use_no_semihosting_swi                 0x080047d1   Thumb Code     2  use_no_semi.o(.text)
    __read_errno                             0x080047d3   Thumb Code    10  _rserrno.o(.text)
    __set_errno                              0x080047dd   Thumb Code    12  _rserrno.o(.text)
    _printf_int_common                       0x080047e9   Thumb Code   178  _printf_intcommon.o(.text)
    _printf_char_file                        0x0800489d   Thumb Code    32  _printf_char_file.o(.text)
    __aeabi_errno_addr                       0x080048c1   Thumb Code     8  rt_errno_addr_intlibspace.o(.text)
    __errno$intlibspace                      0x080048c1   Thumb Code     0  rt_errno_addr_intlibspace.o(.text)
    __rt_errno_addr$intlibspace              0x080048c1   Thumb Code     0  rt_errno_addr_intlibspace.o(.text)
    _printf_char_common                      0x080048d3   Thumb Code    32  _printf_char_common.o(.text)
    ferror                                   0x080048f9   Thumb Code     8  ferror.o(.text)
    __user_libspace                          0x08004901   Thumb Code     8  libspace.o(.text)
    __user_perproc_libspace                  0x08004901   Thumb Code     0  libspace.o(.text)
    __user_perthread_libspace                0x08004901   Thumb Code     0  libspace.o(.text)
    __user_setup_stackheap                   0x08004909   Thumb Code    74  sys_stackheap_outer.o(.text)
    exit                                     0x08004953   Thumb Code    12  exit.o(.text)
    __ARM_fpclassify                         0x0800495f   Thumb Code    40  fpclassify.o(i.__ARM_fpclassify)
    __kernel_poly                            0x08004987   Thumb Code   170  poly.o(i.__kernel_poly)
    __mathlib_dbl_underflow                  0x08004a31   Thumb Code    10  dunder.o(i.__mathlib_dbl_underflow)
    _is_digit                                0x08004a41   Thumb Code    14  __printf_wp.o(i._is_digit)
    asin                                     0x08004a51   Thumb Code   584  asin.o(i.asin)
    atan                                     0x08004ccd   Thumb Code   478  atan.o(i.atan)
    atan2                                    0x08004ef1   Thumb Code   346  atan2.o(i.atan2)
    sqrt                                     0x08005071   Thumb Code    76  sqrt.o(i.sqrt)
    __aeabi_d2f                              0x080050bd   Thumb Code     0  d2f.o(x$fpl$d2f)
    _d2f                                     0x080050bd   Thumb Code    98  d2f.o(x$fpl$d2f)
    __aeabi_dadd                             0x08005121   Thumb Code     0  daddsub_clz.o(x$fpl$dadd)
    _dadd                                    0x08005121   Thumb Code   332  daddsub_clz.o(x$fpl$dadd)
    __fpl_dcheck_NaN1                        0x08005271   Thumb Code    10  dcheck1.o(x$fpl$dcheck1)
    __fpl_dcmp_Inf                           0x08005281   Thumb Code    24  dcmpi.o(x$fpl$dcmpinf)
    __aeabi_ddiv                             0x08005299   Thumb Code     0  ddiv.o(x$fpl$ddiv)
    _ddiv                                    0x08005299   Thumb Code   552  ddiv.o(x$fpl$ddiv)
    __aeabi_d2iz                             0x08005549   Thumb Code     0  dfix.o(x$fpl$dfix)
    _dfix                                    0x08005549   Thumb Code    94  dfix.o(x$fpl$dfix)
    __aeabi_i2d                              0x080055a7   Thumb Code     0  dflt_clz.o(x$fpl$dflt)
    _dflt                                    0x080055a7   Thumb Code    46  dflt_clz.o(x$fpl$dflt)
    __aeabi_cdcmple                          0x080055d5   Thumb Code     0  dleqf.o(x$fpl$dleqf)
    _dcmple                                  0x080055d5   Thumb Code   120  dleqf.o(x$fpl$dleqf)
    __fpl_dcmple_InfNaN                      0x08005637   Thumb Code     0  dleqf.o(x$fpl$dleqf)
    __aeabi_dmul                             0x0800564d   Thumb Code     0  dmul.o(x$fpl$dmul)
    _dmul                                    0x0800564d   Thumb Code   332  dmul.o(x$fpl$dmul)
    __fpl_dnaninf                            0x080057a1   Thumb Code   156  dnaninf.o(x$fpl$dnaninf)
    __fpl_dretinf                            0x0800583d   Thumb Code    12  dretinf.o(x$fpl$dretinf)
    __aeabi_cdrcmple                         0x08005849   Thumb Code     0  drleqf.o(x$fpl$drleqf)
    _drcmple                                 0x08005849   Thumb Code   108  drleqf.o(x$fpl$drleqf)
    __aeabi_drsub                            0x080058b5   Thumb Code     0  daddsub_clz.o(x$fpl$drsb)
    _drsb                                    0x080058b5   Thumb Code    22  daddsub_clz.o(x$fpl$drsb)
    _dsqrt                                   0x080058cd   Thumb Code   456  dsqrt_noumaal.o(x$fpl$dsqrt)
    __aeabi_dsub                             0x08005a99   Thumb Code     0  daddsub_clz.o(x$fpl$dsub)
    _dsub                                    0x08005a99   Thumb Code   464  daddsub_clz.o(x$fpl$dsub)
    __aeabi_f2d                              0x08005c6d   Thumb Code     0  f2d.o(x$fpl$f2d)
    _f2d                                     0x08005c6d   Thumb Code    86  f2d.o(x$fpl$f2d)
    __aeabi_fadd                             0x08005cc5   Thumb Code     0  faddsub_clz.o(x$fpl$fadd)
    _fadd                                    0x08005cc5   Thumb Code   196  faddsub_clz.o(x$fpl$fadd)
    __fpl_fcmp_Inf                           0x08005d89   Thumb Code    24  fcmpi.o(x$fpl$fcmpinf)
    __aeabi_fdiv                             0x08005da1   Thumb Code     0  fdiv.o(x$fpl$fdiv)
    _fdiv                                    0x08005da1   Thumb Code   384  fdiv.o(x$fpl$fdiv)
    __aeabi_cfcmpeq                          0x08005f25   Thumb Code     0  feqf.o(x$fpl$feqf)
    _fcmpeq                                  0x08005f25   Thumb Code   104  feqf.o(x$fpl$feqf)
    __aeabi_f2iz                             0x08005f8d   Thumb Code     0  ffix.o(x$fpl$ffix)
    _ffix                                    0x08005f8d   Thumb Code    54  ffix.o(x$fpl$ffix)
    __aeabi_f2uiz                            0x08005fc5   Thumb Code     0  ffixu.o(x$fpl$ffixu)
    _ffixu                                   0x08005fc5   Thumb Code    62  ffixu.o(x$fpl$ffixu)
    __aeabi_i2f                              0x08006005   Thumb Code     0  fflt_clz.o(x$fpl$fflt)
    _fflt                                    0x08006005   Thumb Code    48  fflt_clz.o(x$fpl$fflt)
    __aeabi_cfcmple                          0x08006035   Thumb Code     0  fleqf.o(x$fpl$fleqf)
    _fcmple                                  0x08006035   Thumb Code   104  fleqf.o(x$fpl$fleqf)
    __fpl_fcmple_InfNaN                      0x08006087   Thumb Code     0  fleqf.o(x$fpl$fleqf)
    __aeabi_fmul                             0x0800609d   Thumb Code     0  fmul.o(x$fpl$fmul)
    _fmul                                    0x0800609d   Thumb Code   258  fmul.o(x$fpl$fmul)
    __fpl_fnaninf                            0x0800619f   Thumb Code   140  fnaninf.o(x$fpl$fnaninf)
    __fpl_fretinf                            0x0800622b   Thumb Code    10  fretinf.o(x$fpl$fretinf)
    __aeabi_cfrcmple                         0x08006235   Thumb Code     0  frleqf.o(x$fpl$frleqf)
    _frcmple                                 0x08006235   Thumb Code    98  frleqf.o(x$fpl$frleqf)
    __aeabi_frsub                            0x08006297   Thumb Code     0  faddsub_clz.o(x$fpl$frsb)
    _frsb                                    0x08006297   Thumb Code    20  faddsub_clz.o(x$fpl$frsb)
    __aeabi_fsub                             0x080062ad   Thumb Code     0  faddsub_clz.o(x$fpl$fsub)
    _fsub                                    0x080062ad   Thumb Code   234  faddsub_clz.o(x$fpl$fsub)
    __fpl_return_NaN                         0x08006397   Thumb Code   100  retnan.o(x$fpl$retnan)
    __ARM_scalbn                             0x080063fb   Thumb Code    92  scalbn.o(x$fpl$scalbn)
    __fpl_cmpreturn                          0x08006457   Thumb Code    48  trapv.o(x$fpl$trapveneer)
    __I$use$fp                               0x08006486   Number         0  usenofp.o(x$fpl$usenofp)
    __mathlib_zero                           0x08006570   Data           8  qnan.o(.constdata)
    Region$$Table$$Base                      0x08006578   Number         0  anon$$obj.o(Region$$Table)
    Region$$Table$$Limit                     0x08006598   Number         0  anon$$obj.o(Region$$Table)
    data                                     0x20000000   Data           6  init.o(.data)
    Send_cnt                                 0x20000006   Data           1  init.o(.data)
    FLAG_Send                                0x20000007   Data           1  init.o(.data)
    HMC_TIME                                 0x20000008   Data           1  init.o(.data)
    Buf                                      0x2000000a   Data           6  adxl345.o(.data)
    ACC_AVG                                  0x20000010   Data           6  adxl345.o(.data)
    ADXL345_ACC_LAST                         0x20000016   Data           6  adxl345.o(.data)
    ACC_OFFSET                               0x2000001c   Data           6  adxl345.o(.data)
    BUF                                      0x20000022   Data           6  l3g4200.o(.data)
    GYRO_I                                   0x20000028   Data           6  l3g4200.o(.data)
    L3G4200_GYRO_LAST                        0x2000002e   Data           6  l3g4200.o(.data)
    GYRO_OFFSET                              0x20000034   Data           6  l3g4200.o(.data)
    last_yaw                                 0x20000040   Data           8  imu.o(.data)
    angle_ax                                 0x20000048   Data           4  imu.o(.data)
    angle_ay                                 0x2000004c   Data           4  imu.o(.data)
    angle_gx                                 0x20000050   Data           4  imu.o(.data)
    angle_gy                                 0x20000054   Data           4  imu.o(.data)
    angle_gz                                 0x20000058   Data           4  imu.o(.data)
    q0                                       0x2000005c   Data           4  imu.o(.data)
    q1                                       0x20000060   Data           4  imu.o(.data)
    q2                                       0x20000064   Data           4  imu.o(.data)
    q3                                       0x20000068   Data           4  imu.o(.data)
    exInt                                    0x2000006c   Data           4  imu.o(.data)
    eyInt                                    0x20000070   Data           4  imu.o(.data)
    ezInt                                    0x20000074   Data           4  imu.o(.data)
    DMA1_MEM_LEN                             0x200000b6   Data           2  dma.o(.data)
    HMC5883_LAST                             0x200000b8   Data           6  hmc5883.o(.data)
    SystemCoreClock                          0x200000c0   Data           4  system_stm32f10x.o(.data)
    AHBPrescTable                            0x200000c4   Data          16  system_stm32f10x.o(.data)
    __stdout                                 0x200000d8   Data           4  usart.o(.data)
    USART_RX_STA                             0x200000dc   Data           2  usart.o(.data)
    Q_ANGLE                                  0x200000f4   Data          12  imu.o(.bss)
    ACC_X_BUF                                0x20000100   Data          80  imu.o(.bss)
    ACC_Y_BUF                                0x20000150   Data          80  imu.o(.bss)
    ACC_Z_BUF                                0x200001a0   Data          80  imu.o(.bss)
    DMA_InitStructure                        0x20000208   Data          44  dma.o(.bss)
    USART_RX_BUF                             0x20000234   Data         200  usart.o(.bss)
    __libspace_start                         0x200002fc   Data          96  libspace.o(.bss)
    __temporary_stack_top$libspace           0x2000035c   Data           0  libspace.o(.bss)



==============================================================================

Memory Map of the image

  Image Entry point : 0x08000131

  Load Region LR_IROM1 (Base: 0x08000000, Size: 0x0000668c, Max: 0x00080000, ABSOLUTE)

    Execution Region ER_IROM1 (Base: 0x08000000, Size: 0x00006598, Max: 0x00080000, ABSOLUTE)

    Base Addr    Size         Type   Attr      Idx    E Section Name        Object

    0x08000000   0x00000130   Data   RO          722    RESET               startup_stm32f10x_hd.o
    0x08000130   0x00000008   Code   RO          765  * !!!main             c_w.l(__main.o)
    0x08000138   0x00000034   Code   RO         1065    !!!scatter          c_w.l(__scatter.o)
    0x0800016c   0x0000001a   Code   RO         1067    !!handler_copy      c_w.l(__scatter_copy.o)
    0x08000186   0x00000002   PAD
    0x08000188   0x0000001c   Code   RO         1069    !!handler_zi        c_w.l(__scatter_zi.o)
    0x080001a4   0x00000000   Code   RO          762    .ARM.Collect$$_printf_percent$$00000000  c_w.l(_printf_percent.o)
    0x080001a4   0x00000006   Code   RO          761    .ARM.Collect$$_printf_percent$$00000009  c_w.l(_printf_d.o)
    0x080001aa   0x00000004   Code   RO          858    .ARM.Collect$$_printf_percent$$00000017  c_w.l(_printf_percent_end.o)
    0x080001ae   0x00000002   Code   RO          941    .ARM.Collect$$libinit$$00000000  c_w.l(libinit.o)
    0x080001b0   0x00000000   Code   RO          947    .ARM.Collect$$libinit$$00000002  c_w.l(libinit2.o)
    0x080001b0   0x00000000   Code   RO          950    .ARM.Collect$$libinit$$00000008  c_w.l(libinit2.o)
    0x080001b0   0x00000000   Code   RO          952    .ARM.Collect$$libinit$$0000000A  c_w.l(libinit2.o)
    0x080001b0   0x00000000   Code   RO          954    .ARM.Collect$$libinit$$0000000C  c_w.l(libinit2.o)
    0x080001b0   0x00000000   Code   RO          957    .ARM.Collect$$libinit$$0000000F  c_w.l(libinit2.o)
    0x080001b0   0x00000000   Code   RO          959    .ARM.Collect$$libinit$$00000011  c_w.l(libinit2.o)
    0x080001b0   0x00000000   Code   RO          961    .ARM.Collect$$libinit$$00000013  c_w.l(libinit2.o)
    0x080001b0   0x00000000   Code   RO          963    .ARM.Collect$$libinit$$00000015  c_w.l(libinit2.o)
    0x080001b0   0x00000000   Code   RO          965    .ARM.Collect$$libinit$$00000017  c_w.l(libinit2.o)
    0x080001b0   0x00000000   Code   RO          967    .ARM.Collect$$libinit$$00000019  c_w.l(libinit2.o)
    0x080001b0   0x00000000   Code   RO          969    .ARM.Collect$$libinit$$0000001B  c_w.l(libinit2.o)
    0x080001b0   0x00000000   Code   RO          971    .ARM.Collect$$libinit$$0000001D  c_w.l(libinit2.o)
    0x080001b0   0x00000000   Code   RO          973    .ARM.Collect$$libinit$$0000001F  c_w.l(libinit2.o)
    0x080001b0   0x00000000   Code   RO          975    .ARM.Collect$$libinit$$00000021  c_w.l(libinit2.o)
    0x080001b0   0x00000000   Code   RO          977    .ARM.Collect$$libinit$$00000023  c_w.l(libinit2.o)
    0x080001b0   0x00000000   Code   RO          981    .ARM.Collect$$libinit$$0000002A  c_w.l(libinit2.o)
    0x080001b0   0x00000000   Code   RO          983    .ARM.Collect$$libinit$$0000002C  c_w.l(libinit2.o)
    0x080001b0   0x00000000   Code   RO          985    .ARM.Collect$$libinit$$0000002E  c_w.l(libinit2.o)
    0x080001b0   0x00000000   Code   RO          987    .ARM.Collect$$libinit$$00000030  c_w.l(libinit2.o)
    0x080001b0   0x00000002   Code   RO          988    .ARM.Collect$$libinit$$00000031  c_w.l(libinit2.o)
    0x080001b2   0x00000002   Code   RO         1008    .ARM.Collect$$libshutdown$$00000000  c_w.l(libshutdown.o)
    0x080001b4   0x00000000   Code   RO         1019    .ARM.Collect$$libshutdown$$00000003  c_w.l(libshutdown2.o)
    0x080001b4   0x00000000   Code   RO         1022    .ARM.Collect$$libshutdown$$00000006  c_w.l(libshutdown2.o)
    0x080001b4   0x00000000   Code   RO         1025    .ARM.Collect$$libshutdown$$00000009  c_w.l(libshutdown2.o)
    0x080001b4   0x00000000   Code   RO         1027    .ARM.Collect$$libshutdown$$0000000B  c_w.l(libshutdown2.o)
    0x080001b4   0x00000000   Code   RO         1030    .ARM.Collect$$libshutdown$$0000000E  c_w.l(libshutdown2.o)
    0x080001b4   0x00000002   Code   RO         1031    .ARM.Collect$$libshutdown$$0000000F  c_w.l(libshutdown2.o)
    0x080001b6   0x00000000   Code   RO          851    .ARM.Collect$$rtentry$$00000000  c_w.l(rtentry.o)
    0x080001b6   0x00000000   Code   RO          900    .ARM.Collect$$rtentry$$00000002  c_w.l(rtentry2.o)
    0x080001b6   0x00000006   Code   RO          912    .ARM.Collect$$rtentry$$00000004  c_w.l(rtentry4.o)
    0x080001bc   0x00000000   Code   RO          902    .ARM.Collect$$rtentry$$00000009  c_w.l(rtentry2.o)
    0x080001bc   0x00000004   Code   RO          903    .ARM.Collect$$rtentry$$0000000A  c_w.l(rtentry2.o)
    0x080001c0   0x00000000   Code   RO          905    .ARM.Collect$$rtentry$$0000000C  c_w.l(rtentry2.o)
    0x080001c0   0x00000008   Code   RO          906    .ARM.Collect$$rtentry$$0000000D  c_w.l(rtentry2.o)
    0x080001c8   0x00000002   Code   RO          944    .ARM.Collect$$rtexit$$00000000  c_w.l(rtexit.o)
    0x080001ca   0x00000000   Code   RO          992    .ARM.Collect$$rtexit$$00000002  c_w.l(rtexit2.o)
    0x080001ca   0x00000004   Code   RO          993    .ARM.Collect$$rtexit$$00000003  c_w.l(rtexit2.o)
    0x080001ce   0x00000006   Code   RO          994    .ARM.Collect$$rtexit$$00000004  c_w.l(rtexit2.o)
    0x080001d4   0x000001dc   Code   RO            1    .text               init.o
    0x080003b0   0x00000038   Code   RO          102    .text               led.o
    0x080003e8   0x000000b8   Code   RO          117    .text               adxl345.o
    0x080004a0   0x000000a8   Code   RO          138    .text               l3g4200.o
    0x08000548   0x000003c8   Code   RO          156    .text               iic.o
    0x08000910   0x00001048   Code   RO          171    .text               imu.o
    0x08001958   0x00000820   Code   RO          194    .text               senddata.o
    0x08002178   0x000000c0   Code   RO          215    .text               dma.o
    0x08002238   0x00000134   Code   RO          231    .text               hmc5883.o
    0x0800236c   0x000001b8   Code   RO          249    .text               main.o
    0x08002524   0x0000001a   Code   RO          304    .text               stm32f10x_it.o
    0x0800253e   0x00000002   PAD
    0x08002540   0x000001e0   Code   RO          319    .text               system_stm32f10x.o
    0x08002720   0x000000d4   Code   RO          337    .text               delay.o
    0x080027f4   0x00000140   Code   RO          363    .text               usart.o
    0x08002934   0x000000dc   Code   RO          386    .text               misc.o
    0x08002a10   0x00000254   Code   RO          500    .text               stm32f10x_dma.o
    0x08002c64   0x0000035c   Code   RO          557    .text               stm32f10x_gpio.o
    0x08002fc0   0x000003a4   Code   RO          611    .text               stm32f10x_rcc.o
    0x08003364   0x00000e1a   Code   RO          670    .text               stm32f10x_tim.o
    0x0800417e   0x00000002   PAD
    0x08004180   0x0000041a   Code   RO          682    .text               stm32f10x_usart.o
    0x0800459a   0x00000002   PAD
    0x0800459c   0x00000040   Code   RO          723    .text               startup_stm32f10x_hd.o
    0x080045dc   0x00000002   Code   RO          729    .text               c_w.l(use_no_semi_2.o)
    0x080045de   0x00000002   PAD
    0x080045e0   0x00000018   Code   RO          733    .text               c_w.l(noretval__2printf.o)
    0x080045f8   0x0000004e   Code   RO          737    .text               c_w.l(_printf_pad.o)
    0x08004646   0x00000002   PAD
    0x08004648   0x00000074   Code   RO          739    .text               c_w.l(_printf_dec.o)
    0x080046bc   0x0000010e   Code   RO          749    .text               c_w.l(__printf_wp.o)
    0x080047ca   0x00000006   Code   RO          763    .text               c_w.l(heapauxi.o)
    0x080047d0   0x00000002   Code   RO          849    .text               c_w.l(use_no_semi.o)
    0x080047d2   0x00000016   Code   RO          852    .text               c_w.l(_rserrno.o)
    0x080047e8   0x000000b2   Code   RO          854    .text               c_w.l(_printf_intcommon.o)
    0x0800489a   0x00000002   PAD
    0x0800489c   0x00000024   Code   RO          856    .text               c_w.l(_printf_char_file.o)
    0x080048c0   0x00000008   Code   RO          917    .text               c_w.l(rt_errno_addr_intlibspace.o)
    0x080048c8   0x00000030   Code   RO          919    .text               c_w.l(_printf_char_common.o)
    0x080048f8   0x00000008   Code   RO          921    .text               c_w.l(ferror.o)
    0x08004900   0x00000008   Code   RO          927    .text               c_w.l(libspace.o)
    0x08004908   0x0000004a   Code   RO          930    .text               c_w.l(sys_stackheap_outer.o)
    0x08004952   0x0000000c   Code   RO          934    .text               c_w.l(exit.o)
    0x0800495e   0x00000028   Code   RO          894    i.__ARM_fpclassify  m_ws.l(fpclassify.o)
    0x08004986   0x000000aa   Code   RO          896    i.__kernel_poly     m_ws.l(poly.o)
    0x08004a30   0x00000010   Code   RO          892    i.__mathlib_dbl_underflow  m_ws.l(dunder.o)
    0x08004a40   0x0000000e   Code   RO          751    i._is_digit         c_w.l(__printf_wp.o)
    0x08004a4e   0x00000002   PAD
    0x08004a50   0x0000027c   Code   RO          824    i.asin              m_ws.l(asin.o)
    0x08004ccc   0x00000224   Code   RO          883    i.atan              m_ws.l(atan.o)
    0x08004ef0   0x00000180   Code   RO          834    i.atan2             m_ws.l(atan2.o)
    0x08005070   0x0000004c   Code   RO          842    i.sqrt              m_ws.l(sqrt.o)
    0x080050bc   0x00000062   Code   RO          767    x$fpl$d2f           fz_ws.l(d2f.o)
    0x0800511e   0x00000002   PAD
    0x08005120   0x00000150   Code   RO          769    x$fpl$dadd          fz_ws.l(daddsub_clz.o)
    0x08005270   0x00000010   Code   RO          925    x$fpl$dcheck1       fz_ws.l(dcheck1.o)
    0x08005280   0x00000018   Code   RO          859    x$fpl$dcmpinf       fz_ws.l(dcmpi.o)
    0x08005298   0x000002b0   Code   RO          862    x$fpl$ddiv          fz_ws.l(ddiv.o)
    0x08005548   0x0000005e   Code   RO          775    x$fpl$dfix          fz_ws.l(dfix.o)
    0x080055a6   0x0000002e   Code   RO          780    x$fpl$dflt          fz_ws.l(dflt_clz.o)
    0x080055d4   0x00000078   Code   RO          785    x$fpl$dleqf         fz_ws.l(dleqf.o)
    0x0800564c   0x00000154   Code   RO          787    x$fpl$dmul          fz_ws.l(dmul.o)
    0x080057a0   0x0000009c   Code   RO          865    x$fpl$dnaninf       fz_ws.l(dnaninf.o)
    0x0800583c   0x0000000c   Code   RO          867    x$fpl$dretinf       fz_ws.l(dretinf.o)
    0x08005848   0x0000006c   Code   RO          789    x$fpl$drleqf        fz_ws.l(drleqf.o)
    0x080058b4   0x00000016   Code   RO          770    x$fpl$drsb          fz_ws.l(daddsub_clz.o)
    0x080058ca   0x00000002   PAD
    0x080058cc   0x000001cc   Code   RO          869    x$fpl$dsqrt         fz_ws.l(dsqrt_noumaal.o)
    0x08005a98   0x000001d4   Code   RO          771    x$fpl$dsub          fz_ws.l(daddsub_clz.o)
    0x08005c6c   0x00000056   Code   RO          791    x$fpl$f2d           fz_ws.l(f2d.o)
    0x08005cc2   0x00000002   PAD
    0x08005cc4   0x000000c4   Code   RO          793    x$fpl$fadd          fz_ws.l(faddsub_clz.o)
    0x08005d88   0x00000018   Code   RO          871    x$fpl$fcmpinf       fz_ws.l(fcmpi.o)
    0x08005da0   0x00000184   Code   RO          800    x$fpl$fdiv          fz_ws.l(fdiv.o)
    0x08005f24   0x00000068   Code   RO          803    x$fpl$feqf          fz_ws.l(feqf.o)
    0x08005f8c   0x00000036   Code   RO          805    x$fpl$ffix          fz_ws.l(ffix.o)
    0x08005fc2   0x00000002   PAD
    0x08005fc4   0x0000003e   Code   RO          809    x$fpl$ffixu         fz_ws.l(ffixu.o)
    0x08006002   0x00000002   PAD
    0x08006004   0x00000030   Code   RO          814    x$fpl$fflt          fz_ws.l(fflt_clz.o)
    0x08006034   0x00000068   Code   RO          873    x$fpl$fleqf         fz_ws.l(fleqf.o)
    0x0800609c   0x00000102   Code   RO          819    x$fpl$fmul          fz_ws.l(fmul.o)
    0x0800619e   0x0000008c   Code   RO          875    x$fpl$fnaninf       fz_ws.l(fnaninf.o)
    0x0800622a   0x0000000a   Code   RO          877    x$fpl$fretinf       fz_ws.l(fretinf.o)
    0x08006234   0x00000062   Code   RO          821    x$fpl$frleqf        fz_ws.l(frleqf.o)
    0x08006296   0x00000014   Code   RO          794    x$fpl$frsb          fz_ws.l(faddsub_clz.o)
    0x080062aa   0x00000002   PAD
    0x080062ac   0x000000ea   Code   RO          795    x$fpl$fsub          fz_ws.l(faddsub_clz.o)
    0x08006396   0x00000064   Code   RO          942    x$fpl$retnan        fz_ws.l(retnan.o)
    0x080063fa   0x0000005c   Code   RO          879    x$fpl$scalbn        fz_ws.l(scalbn.o)
    0x08006456   0x00000030   Code   RO          989    x$fpl$trapveneer    fz_ws.l(trapv.o)
    0x08006486   0x00000000   Code   RO          881    x$fpl$usenofp       fz_ws.l(usenofp.o)
    0x08006486   0x00000002   PAD
    0x08006488   0x00000050   Data   RO          825    .constdata          m_ws.l(asin.o)
    0x080064d8   0x00000098   Data   RO          884    .constdata          m_ws.l(atan.o)
    0x08006570   0x00000008   Data   RO          898    .constdata          m_ws.l(qnan.o)
    0x08006578   0x00000020   Data   RO         1063    Region$$Table       anon$$obj.o


    Execution Region RW_IRAM1 (Base: 0x20000000, Size: 0x00000960, Max: 0x00010000, ABSOLUTE)

    Base Addr    Size         Type   Attr      Idx    E Section Name        Object

    0x20000000   0x00000009   Data   RW            2    .data               init.o
    0x20000009   0x00000001   PAD
    0x2000000a   0x00000018   Data   RW          118    .data               adxl345.o
    0x20000022   0x00000018   Data   RW          139    .data               l3g4200.o
    0x2000003a   0x00000006   PAD
    0x20000040   0x00000071   Data   RW          173    .data               imu.o
    0x200000b1   0x00000004   Data   RW          196    .data               senddata.o
    0x200000b5   0x00000001   PAD
    0x200000b6   0x00000002   Data   RW          217    .data               dma.o
    0x200000b8   0x00000006   Data   RW          232    .data               hmc5883.o
    0x200000be   0x00000002   PAD
    0x200000c0   0x00000014   Data   RW          320    .data               system_stm32f10x.o
    0x200000d4   0x00000004   Data   RW          338    .data               delay.o
    0x200000d8   0x00000006   Data   RW          365    .data               usart.o
    0x200000de   0x00000014   Data   RW          612    .data               stm32f10x_rcc.o
    0x200000f2   0x00000002   PAD
    0x200000f4   0x000000fc   Zero   RW          172    .bss                imu.o
    0x200001f0   0x00000018   Zero   RW          195    .bss                senddata.o
    0x20000208   0x0000002c   Zero   RW          216    .bss                dma.o
    0x20000234   0x000000c8   Zero   RW          364    .bss                usart.o
    0x200002fc   0x00000060   Zero   RW          928    .bss                c_w.l(libspace.o)
    0x2000035c   0x00000004   PAD
    0x20000360   0x00000200   Zero   RW          721    HEAP                startup_stm32f10x_hd.o
    0x20000560   0x00000400   Zero   RW          720    STACK               startup_stm32f10x_hd.o


==============================================================================

Image component sizes


      Code (inc. data)   RO Data    RW Data    ZI Data      Debug   Object Name

       184          8          0         24          0       2842   adxl345.o
         0          0          0          0          0         32   core_cm3.o
       212         18          0          4          0        951   delay.o
       192         16          0          2         44       1486   dma.o
       308         58          0          6          0       1451   hmc5883.o
       968          8          0          0          0       3877   iic.o
      4168        324          0        113        252       6466   imu.o
       476         44          0          9          0     265359   init.o
       168         10          0         24          0       1304   l3g4200.o
        56          6          0          0          0        443   led.o
       440        172          0          0          0     203619   main.o
       220         22          0          0          0       1689   misc.o
      2080         36          0          4         24       4040   senddata.o
        64         26        304          0       1536        764   startup_stm32f10x_hd.o
       596          8          0          0          0       4218   stm32f10x_dma.o
       860         38          0          0          0       5537   stm32f10x_gpio.o
        26          0          0          0          0       1146   stm32f10x_it.o
       932         36          0         20          0       8668   stm32f10x_rcc.o
      3610         88          0          0          0      22020   stm32f10x_tim.o
      1050         20          0          0          0       8300   stm32f10x_usart.o
       480         38          0         20          0       1635   system_stm32f10x.o
       320         16          0          6        200       3074   usart.o

    ----------------------------------------------------------------------
     17416        992        336        244       2056     548921   Object Totals
         0          0         32          0          0          0   (incl. Generated)
         6          0          0         12          0          0   (incl. Padding)

    ----------------------------------------------------------------------

      Code (inc. data)   RO Data    RW Data    ZI Data      Debug   Library Member Name

         8          0          0          0          0         68   __main.o
       284          0          0          0          0        156   __printf_wp.o
        52          8          0          0          0          0   __scatter.o
        26          0          0          0          0          0   __scatter_copy.o
        28          0          0          0          0          0   __scatter_zi.o
        48          6          0          0          0         96   _printf_char_common.o
        36          4          0          0          0         80   _printf_char_file.o
         6          0          0          0          0          0   _printf_d.o
       116         16          0          0          0         92   _printf_dec.o
       178          0          0          0          0         88   _printf_intcommon.o
        78          0          0          0          0        108   _printf_pad.o
         0          0          0          0          0          0   _printf_percent.o
         4          0          0          0          0          0   _printf_percent_end.o
        22          0          0          0          0        100   _rserrno.o
        12          0          0          0          0         72   exit.o
         8          0          0          0          0         68   ferror.o
         6          0          0          0          0        152   heapauxi.o
         2          0          0          0          0          0   libinit.o
         2          0          0          0          0          0   libinit2.o
         2          0          0          0          0          0   libshutdown.o
         2          0          0          0          0          0   libshutdown2.o
         8          4          0          0         96         68   libspace.o
        24          4          0          0          0         84   noretval__2printf.o
         8          4          0          0          0         68   rt_errno_addr_intlibspace.o
         0          0          0          0          0          0   rtentry.o
        12          0          0          0          0          0   rtentry2.o
         6          0          0          0          0          0   rtentry4.o
         2          0          0          0          0          0   rtexit.o
        10          0          0          0          0          0   rtexit2.o
        74          0          0          0          0         80   sys_stackheap_outer.o
         2          0          0          0          0         68   use_no_semi.o
         2          0          0          0          0         68   use_no_semi_2.o
        98          4          0          0          0         92   d2f.o
       826         16          0          0          0        348   daddsub_clz.o
        16          4          0          0          0         68   dcheck1.o
        24          0          0          0          0         68   dcmpi.o
       688        140          0          0          0        208   ddiv.o
        94          4          0          0          0         92   dfix.o
        46          0          0          0          0         68   dflt_clz.o
       120          4          0          0          0         92   dleqf.o
       340         12          0          0          0        104   dmul.o
       156          4          0          0          0         92   dnaninf.o
        12          0          0          0          0         68   dretinf.o
       108          0          0          0          0         80   drleqf.o
       460         56          0          0          0        120   dsqrt_noumaal.o
        86          4          0          0          0         84   f2d.o
       450          8          0          0          0        236   faddsub_clz.o
        24          0          0          0          0         68   fcmpi.o
       388         76          0          0          0         96   fdiv.o
       104          4          0          0          0         84   feqf.o
        54          4          0          0          0         84   ffix.o
        62          4          0          0          0         84   ffixu.o
        48          0          0          0          0         68   fflt_clz.o
       104          4          0          0          0         84   fleqf.o
       258          4          0          0          0         84   fmul.o
       140          4          0          0          0         84   fnaninf.o
        10          0          0          0          0         68   fretinf.o
        98          0          0          0          0         68   frleqf.o
       100          0          0          0          0         68   retnan.o
        92          0          0          0          0         68   scalbn.o
        48          0          0          0          0         68   trapv.o
         0          0          0          0          0          0   usenofp.o
       636         52         80          0          0        168   asin.o
       548         70        152          0          0        124   atan.o
       384         38          0          0          0        144   atan2.o
        16          6          0          0          0         68   dunder.o
        40          0          0          0          0         68   fpclassify.o
       170          0          0          0          0         96   poly.o
         0          0          8          0          0          0   qnan.o
        76          0          0          0          0         84   sqrt.o

    ----------------------------------------------------------------------
      8016        568        240          0        100       5164   Library Totals
        24          0          0          0          4          0   (incl. Padding)

    ----------------------------------------------------------------------

      Code (inc. data)   RO Data    RW Data    ZI Data      Debug   Library Name

      1068         46          0          0         96       1516   c_w.l
      5054        356          0          0          0       2896   fz_ws.l
      1870        166        240          0          0        752   m_ws.l

    ----------------------------------------------------------------------
      8016        568        240          0        100       5164   Library Totals

    ----------------------------------------------------------------------

==============================================================================


      Code (inc. data)   RO Data    RW Data    ZI Data      Debug   

     25432       1560        576        244       2156     549765   Grand Totals
     25432       1560        576        244       2156     549765   ELF Image Totals
     25432       1560        576        244          0          0   ROM Totals

==============================================================================

    Total RO  Size (Code + RO Data)                26008 (  25.40kB)
    Total RW  Size (RW Data + ZI Data)              2400 (   2.34kB)
    Total ROM Size (Code + RO Data + RW Data)      26252 (  25.64kB)

==============================================================================

